23:43:22 **** Incremental Build of configuration Debug for project GRUZIK2.0 ****
make -j4 all 
arm-none-eabi-size   GRUZIK2.0.elf 
   text	   data	    bss	    dec	    hex	filename
  39112	    536	   2120	  41768	   a328	GRUZIK2.0.elf
Finished building: default.size.stdout
 
23:43:30 **** Incremental Build of configuration Debug for project GRUZIK2.0 ****
make -j4 all 
arm-none-eabi-size   GRUZIK2.0.elf 
   text	   data	    bss	    dec	    hex	filename
  39112	    536	   2120	  41768	   a328	GRUZIK2.0.elf
Finished building: default.size.stdout
 
23:43:53 **** Incremental Build of configuration Debug for project GRUZIK2.0 ****
make -j4 all 
arm-none-eabi-gcc "../Core/Src/main.c" -mcpu=cortex-m3 -std=gnu11 -g3 -DDEBUG -DUSE_HAL_DRIVER -DSTM32F103xB -c -I../Core/Inc -I../Drivers/STM32F1xx_HAL_Driver/Inc/Legacy -I../Drivers/STM32F1xx_HAL_Driver/Inc -I../Drivers/CMSIS/Device/ST/STM32F1xx/Include -I../Drivers/CMSIS/Include -O0 -ffunction-sections -fdata-sections -Wall -fstack-usage -MMD -MP -MF"Core/Src/main.d" -MT"Core/Src/main.o" --specs=nano.specs -mfloat-abi=soft -mthumb -o "Core/Src/main.o"
arm-none-eabi-gcc "../Core/Src/tim.c" -mcpu=cortex-m3 -std=gnu11 -g3 -DDEBUG -DUSE_HAL_DRIVER -DSTM32F103xB -c -I../Core/Inc -I../Drivers/STM32F1xx_HAL_Driver/Inc/Legacy -I../Drivers/STM32F1xx_HAL_Driver/Inc -I../Drivers/CMSIS/Device/ST/STM32F1xx/Include -I../Drivers/CMSIS/Include -O0 -ffunction-sections -fdata-sections -Wall -fstack-usage -MMD -MP -MF"Core/Src/tim.d" -MT"Core/Src/tim.o" --specs=nano.specs -mfloat-abi=soft -mthumb -o "Core/Src/tim.o"
arm-none-eabi-gcc -o "GRUZIK2.0.elf" @"objects.list"   -mcpu=cortex-m3 -T"D:\SN-USER\Projects\Gruzik2.0-light\Software\LF_GRUZIK2.0_Code\GRUZIK2.0\STM32F103C8TX_FLASH.ld" --specs=nosys.specs -Wl,-Map="GRUZIK2.0.map" -Wl,--gc-sections -static --specs=nano.specs -mfloat-abi=soft -mthumb -u _printf_float -Wl,--start-group -lc -lm -Wl,--end-group
Finished building target: GRUZIK2.0.elf
 
arm-none-eabi-size   GRUZIK2.0.elf 
arm-none-eabi-objdump -h -S  GRUZIK2.0.elf  > "GRUZIK2.0.list"
   text	   data	    bss	    dec	    hex	filename
  39304	    536	   2192	  42032	   a430	GRUZIK2.0.elf
Finished building: default.size.stdout
 
Finished building: GRUZIK2.0.list
 
23:43:58 **** Incremental Build of configuration Debug for project GRUZIK2.0 ****
make -j4 all 
arm-none-eabi-size   GRUZIK2.0.elf 
   text	   data	    bss	    dec	    hex	filename
  39304	    536	   2192	  42032	   a430	GRUZIK2.0.elf
Finished building: default.size.stdout
 
15:21:14 **** Incremental Build of configuration Debug for project GRUZIK2.0 ****
make -j4 all 
arm-none-eabi-gcc "../Core/Src/main.c" -mcpu=cortex-m3 -std=gnu11 -g3 -DDEBUG -DUSE_HAL_DRIVER -DSTM32F103xB -c -I../Core/Inc -I../Drivers/STM32F1xx_HAL_Driver/Inc/Legacy -I../Drivers/STM32F1xx_HAL_Driver/Inc -I../Drivers/CMSIS/Device/ST/STM32F1xx/Include -I../Drivers/CMSIS/Include -O0 -ffunction-sections -fdata-sections -Wall -fstack-usage -MMD -MP -MF"Core/Src/main.d" -MT"Core/Src/main.o" --specs=nano.specs -mfloat-abi=soft -mthumb -o "Core/Src/main.o"
arm-none-eabi-gcc "../Core/Src/tim.c" -mcpu=cortex-m3 -std=gnu11 -g3 -DDEBUG -DUSE_HAL_DRIVER -DSTM32F103xB -c -I../Core/Inc -I../Drivers/STM32F1xx_HAL_Driver/Inc/Legacy -I../Drivers/STM32F1xx_HAL_Driver/Inc -I../Drivers/CMSIS/Device/ST/STM32F1xx/Include -I../Drivers/CMSIS/Include -O0 -ffunction-sections -fdata-sections -Wall -fstack-usage -MMD -MP -MF"Core/Src/tim.d" -MT"Core/Src/tim.o" --specs=nano.specs -mfloat-abi=soft -mthumb -o "Core/Src/tim.o"
arm-none-eabi-gcc -o "GRUZIK2.0.elf" @"objects.list"   -mcpu=cortex-m3 -T"D:\SN-USER\Projects\Gruzik2.0-light\Software\LF_GRUZIK2.0_Code\GRUZIK2.0\STM32F103C8TX_FLASH.ld" --specs=nosys.specs -Wl,-Map="GRUZIK2.0.map" -Wl,--gc-sections -static --specs=nano.specs -mfloat-abi=soft -mthumb -u _printf_float -Wl,--start-group -lc -lm -Wl,--end-group
Finished building target: GRUZIK2.0.elf
 
arm-none-eabi-size   GRUZIK2.0.elf 
arm-none-eabi-objdump -h -S  GRUZIK2.0.elf  > "GRUZIK2.0.list"
   text	   data	    bss	    dec	    hex	filename
  39368	    536	   2216	  42120	   a488	GRUZIK2.0.elf
Finished building: default.size.stdout
 
Finished building: GRUZIK2.0.list
 
15:44:22 **** Incremental Build of configuration Debug for project GRUZIK2.0 ****
make -j4 all 
arm-none-eabi-gcc "../Core/Src/main.c" -mcpu=cortex-m3 -std=gnu11 -g3 -DDEBUG -DUSE_HAL_DRIVER -DSTM32F103xB -c -I../Core/Inc -I../Drivers/STM32F1xx_HAL_Driver/Inc/Legacy -I../Drivers/STM32F1xx_HAL_Driver/Inc -I../Drivers/CMSIS/Device/ST/STM32F1xx/Include -I../Drivers/CMSIS/Include -O0 -ffunction-sections -fdata-sections -Wall -fstack-usage -MMD -MP -MF"Core/Src/main.d" -MT"Core/Src/main.o" --specs=nano.specs -mfloat-abi=soft -mthumb -o "Core/Src/main.o"
arm-none-eabi-gcc "../Core/Src/tim.c" -mcpu=cortex-m3 -std=gnu11 -g3 -DDEBUG -DUSE_HAL_DRIVER -DSTM32F103xB -c -I../Core/Inc -I../Drivers/STM32F1xx_HAL_Driver/Inc/Legacy -I../Drivers/STM32F1xx_HAL_Driver/Inc -I../Drivers/CMSIS/Device/ST/STM32F1xx/Include -I../Drivers/CMSIS/Include -O0 -ffunction-sections -fdata-sections -Wall -fstack-usage -MMD -MP -MF"Core/Src/tim.d" -MT"Core/Src/tim.o" --specs=nano.specs -mfloat-abi=soft -mthumb -o "Core/Src/tim.o"
../Core/Src/main.c: In function 'HAL_UART_RxCpltCallback':
../Core/Src/main.c:539:29: error: 'm1' undeclared (first use in this function)
  539 |     RxData[0] = Mode_Change(m1);
      |                             ^~
../Core/Src/main.c:539:29: note: each undeclared identifier is reported only once for each function it appears in
../Core/Src/main.c: In function 'HAL_TIM_PeriodElapsedCallback':
../Core/Src/main.c:820:31: error: 'm2' undeclared (first use in this function)
  820 |       RxData[0] = Mode_Change(m2);
      |                               ^~
../Core/Src/main.c:831:31: error: 'm1' undeclared (first use in this function)
  831 |       RxData[0] = Mode_Change(m1);
      |                               ^~
../Core/Src/main.c: In function 'Mode_Change':
../Core/Src/main.c:152:1: warning: control reaches end of non-void function [-Wreturn-type]
  152 | }
      | ^
make: *** [Core/Src/subdir.mk:51: Core/Src/main.o] Error 1
make: *** Waiting for unfinished jobs....
"make -j4 all" terminated with exit code 2. Build might be incomplete.
15:45:18 **** Incremental Build of configuration Debug for project GRUZIK2.0 ****
make -j4 all 
arm-none-eabi-gcc "../Core/Src/main.c" -mcpu=cortex-m3 -std=gnu11 -g3 -DDEBUG -DUSE_HAL_DRIVER -DSTM32F103xB -c -I../Core/Inc -I../Drivers/STM32F1xx_HAL_Driver/Inc/Legacy -I../Drivers/STM32F1xx_HAL_Driver/Inc -I../Drivers/CMSIS/Device/ST/STM32F1xx/Include -I../Drivers/CMSIS/Include -O0 -ffunction-sections -fdata-sections -Wall -fstack-usage -MMD -MP -MF"Core/Src/main.d" -MT"Core/Src/main.o" --specs=nano.specs -mfloat-abi=soft -mthumb -o "Core/Src/main.o"
../Core/Src/main.c: In function 'Mode_Change':
../Core/Src/main.c:152:1: warning: control reaches end of non-void function [-Wreturn-type]
  152 | }
      | ^
arm-none-eabi-gcc -o "GRUZIK2.0.elf" @"objects.list"   -mcpu=cortex-m3 -T"D:\SN-USER\Projects\Gruzik2.0-light\Software\LF_GRUZIK2.0_Code\GRUZIK2.0\STM32F103C8TX_FLASH.ld" --specs=nosys.specs -Wl,-Map="GRUZIK2.0.map" -Wl,--gc-sections -static --specs=nano.specs -mfloat-abi=soft -mthumb -u _printf_float -Wl,--start-group -lc -lm -Wl,--end-group
Finished building target: GRUZIK2.0.elf
 
arm-none-eabi-size   GRUZIK2.0.elf 
arm-none-eabi-objdump -h -S  GRUZIK2.0.elf  > "GRUZIK2.0.list"
   text	   data	    bss	    dec	    hex	filename
  39592	    536	   2216	  42344	   a568	GRUZIK2.0.elf
Finished building: default.size.stdout
 
Finished building: GRUZIK2.0.list
 
15:48:51 **** Incremental Build of configuration Debug for project GRUZIK2.0 ****
make -j4 all 
arm-none-eabi-gcc "../Core/Src/main.c" -mcpu=cortex-m3 -std=gnu11 -g3 -DDEBUG -DUSE_HAL_DRIVER -DSTM32F103xB -c -I../Core/Inc -I../Drivers/STM32F1xx_HAL_Driver/Inc/Legacy -I../Drivers/STM32F1xx_HAL_Driver/Inc -I../Drivers/CMSIS/Device/ST/STM32F1xx/Include -I../Drivers/CMSIS/Include -O0 -ffunction-sections -fdata-sections -Wall -fstack-usage -MMD -MP -MF"Core/Src/main.d" -MT"Core/Src/main.o" --specs=nano.specs -mfloat-abi=soft -mthumb -o "Core/Src/main.o"
../Core/Src/main.c: In function 'Mode_Change':
../Core/Src/main.c:178:1: warning: control reaches end of non-void function [-Wreturn-type]
  178 | }
      | ^
arm-none-eabi-gcc -o "GRUZIK2.0.elf" @"objects.list"   -mcpu=cortex-m3 -T"D:\SN-USER\Projects\Gruzik2.0-light\Software\LF_GRUZIK2.0_Code\GRUZIK2.0\STM32F103C8TX_FLASH.ld" --specs=nosys.specs -Wl,-Map="GRUZIK2.0.map" -Wl,--gc-sections -static --specs=nano.specs -mfloat-abi=soft -mthumb -u _printf_float -Wl,--start-group -lc -lm -Wl,--end-group
Finished building target: GRUZIK2.0.elf
 
arm-none-eabi-size   GRUZIK2.0.elf 
arm-none-eabi-objdump -h -S  GRUZIK2.0.elf  > "GRUZIK2.0.list"
   text	   data	    bss	    dec	    hex	filename
  39592	    536	   2216	  42344	   a568	GRUZIK2.0.elf
Finished building: default.size.stdout
 
Finished building: GRUZIK2.0.list
 
15:49:59 **** Incremental Build of configuration Debug for project GRUZIK2.0 ****
make -j4 all 
arm-none-eabi-gcc "../Core/Src/main.c" -mcpu=cortex-m3 -std=gnu11 -g3 -DDEBUG -DUSE_HAL_DRIVER -DSTM32F103xB -c -I../Core/Inc -I../Drivers/STM32F1xx_HAL_Driver/Inc/Legacy -I../Drivers/STM32F1xx_HAL_Driver/Inc -I../Drivers/CMSIS/Device/ST/STM32F1xx/Include -I../Drivers/CMSIS/Include -O0 -ffunction-sections -fdata-sections -Wall -fstack-usage -MMD -MP -MF"Core/Src/main.d" -MT"Core/Src/main.o" --specs=nano.specs -mfloat-abi=soft -mthumb -o "Core/Src/main.o"
../Core/Src/main.c: In function 'Mode_Change':
../Core/Src/main.c:139:1: warning: control reaches end of non-void function [-Wreturn-type]
  139 | }
      | ^
arm-none-eabi-gcc -o "GRUZIK2.0.elf" @"objects.list"   -mcpu=cortex-m3 -T"D:\SN-USER\Projects\Gruzik2.0-light\Software\LF_GRUZIK2.0_Code\GRUZIK2.0\STM32F103C8TX_FLASH.ld" --specs=nosys.specs -Wl,-Map="GRUZIK2.0.map" -Wl,--gc-sections -static --specs=nano.specs -mfloat-abi=soft -mthumb -u _printf_float -Wl,--start-group -lc -lm -Wl,--end-group
Finished building target: GRUZIK2.0.elf
 
arm-none-eabi-size   GRUZIK2.0.elf 
arm-none-eabi-objdump -h -S  GRUZIK2.0.elf  > "GRUZIK2.0.list"
   text	   data	    bss	    dec	    hex	filename
  39592	    536	   2216	  42344	   a568	GRUZIK2.0.elf
Finished building: default.size.stdout
 
Finished building: GRUZIK2.0.list
 
15:51:21 **** Incremental Build of configuration Debug for project GRUZIK2.0 ****
make -j4 all 
arm-none-eabi-gcc "../Core/Src/main.c" -mcpu=cortex-m3 -std=gnu11 -g3 -DDEBUG -DUSE_HAL_DRIVER -DSTM32F103xB -c -I../Core/Inc -I../Drivers/STM32F1xx_HAL_Driver/Inc/Legacy -I../Drivers/STM32F1xx_HAL_Driver/Inc -I../Drivers/CMSIS/Device/ST/STM32F1xx/Include -I../Drivers/CMSIS/Include -O0 -ffunction-sections -fdata-sections -Wall -fstack-usage -MMD -MP -MF"Core/Src/main.d" -MT"Core/Src/main.o" --specs=nano.specs -mfloat-abi=soft -mthumb -o "Core/Src/main.o"
../Core/Src/main.c: In function 'Mode_Change':
../Core/Src/main.c:152:2: error: break statement not within loop or switch
  152 |  break;
      |  ^~~~~
../Core/Src/main.c:153:1: warning: control reaches end of non-void function [-Wreturn-type]
  153 | }
      | ^
make: *** [Core/Src/subdir.mk:51: Core/Src/main.o] Error 1
"make -j4 all" terminated with exit code 2. Build might be incomplete.
15:53:26 **** Incremental Build of configuration Debug for project GRUZIK2.0 ****
make -j4 all 
arm-none-eabi-gcc "../Core/Src/main.c" -mcpu=cortex-m3 -std=gnu11 -g3 -DDEBUG -DUSE_HAL_DRIVER -DSTM32F103xB -c -I../Core/Inc -I../Drivers/STM32F1xx_HAL_Driver/Inc/Legacy -I../Drivers/STM32F1xx_HAL_Driver/Inc -I../Drivers/CMSIS/Device/ST/STM32F1xx/Include -I../Drivers/CMSIS/Include -O0 -ffunction-sections -fdata-sections -Wall -fstack-usage -MMD -MP -MF"Core/Src/main.d" -MT"Core/Src/main.o" --specs=nano.specs -mfloat-abi=soft -mthumb -o "Core/Src/main.o"
arm-none-eabi-gcc -o "GRUZIK2.0.elf" @"objects.list"   -mcpu=cortex-m3 -T"D:\SN-USER\Projects\Gruzik2.0-light\Software\LF_GRUZIK2.0_Code\GRUZIK2.0\STM32F103C8TX_FLASH.ld" --specs=nosys.specs -Wl,-Map="GRUZIK2.0.map" -Wl,--gc-sections -static --specs=nano.specs -mfloat-abi=soft -mthumb -u _printf_float -Wl,--start-group -lc -lm -Wl,--end-group
Finished building target: GRUZIK2.0.elf
 
arm-none-eabi-size   GRUZIK2.0.elf 
arm-none-eabi-objdump -h -S  GRUZIK2.0.elf  > "GRUZIK2.0.list"
   text	   data	    bss	    dec	    hex	filename
  39624	    536	   2216	  42376	   a588	GRUZIK2.0.elf
Finished building: default.size.stdout
 
Finished building: GRUZIK2.0.list
 
16:00:22 **** Incremental Build of configuration Debug for project GRUZIK2.0 ****
make -j4 all 
arm-none-eabi-gcc "../Core/Src/main.c" -mcpu=cortex-m3 -std=gnu11 -g3 -DDEBUG -DUSE_HAL_DRIVER -DSTM32F103xB -c -I../Core/Inc -I../Drivers/STM32F1xx_HAL_Driver/Inc/Legacy -I../Drivers/STM32F1xx_HAL_Driver/Inc -I../Drivers/CMSIS/Device/ST/STM32F1xx/Include -I../Drivers/CMSIS/Include -O0 -ffunction-sections -fdata-sections -Wall -fstack-usage -MMD -MP -MF"Core/Src/main.d" -MT"Core/Src/main.o" --specs=nano.specs -mfloat-abi=soft -mthumb -o "Core/Src/main.o"
arm-none-eabi-gcc -o "GRUZIK2.0.elf" @"objects.list"   -mcpu=cortex-m3 -T"D:\SN-USER\Projects\Gruzik2.0-light\Software\LF_GRUZIK2.0_Code\GRUZIK2.0\STM32F103C8TX_FLASH.ld" --specs=nosys.specs -Wl,-Map="GRUZIK2.0.map" -Wl,--gc-sections -static --specs=nano.specs -mfloat-abi=soft -mthumb -u _printf_float -Wl,--start-group -lc -lm -Wl,--end-group
Finished building target: GRUZIK2.0.elf
 
arm-none-eabi-size   GRUZIK2.0.elf 
arm-none-eabi-objdump -h -S  GRUZIK2.0.elf  > "GRUZIK2.0.list"
   text	   data	    bss	    dec	    hex	filename
  39592	    536	   2216	  42344	   a568	GRUZIK2.0.elf
Finished building: default.size.stdout
 
Finished building: GRUZIK2.0.list
 
16:02:36 **** Incremental Build of configuration Debug for project GRUZIK2.0 ****
make -j4 all 
arm-none-eabi-size   GRUZIK2.0.elf 
   text	   data	    bss	    dec	    hex	filename
  39592	    536	   2216	  42344	   a568	GRUZIK2.0.elf
Finished building: default.size.stdout
 
16:15:54 **** Incremental Build of configuration Debug for project GRUZIK2.0 ****
make -j4 all 
arm-none-eabi-gcc "../Core/Src/main.c" -mcpu=cortex-m3 -std=gnu11 -g3 -DDEBUG -DUSE_HAL_DRIVER -DSTM32F103xB -c -I../Core/Inc -I../Drivers/STM32F1xx_HAL_Driver/Inc/Legacy -I../Drivers/STM32F1xx_HAL_Driver/Inc -I../Drivers/CMSIS/Device/ST/STM32F1xx/Include -I../Drivers/CMSIS/Include -O0 -ffunction-sections -fdata-sections -Wall -fstack-usage -MMD -MP -MF"Core/Src/main.d" -MT"Core/Src/main.o" --specs=nano.specs -mfloat-abi=soft -mthumb -o "Core/Src/main.o"
arm-none-eabi-gcc -o "GRUZIK2.0.elf" @"objects.list"   -mcpu=cortex-m3 -T"D:\SN-USER\Projects\Gruzik2.0-light\Software\LF_GRUZIK2.0_Code\GRUZIK2.0\STM32F103C8TX_FLASH.ld" --specs=nosys.specs -Wl,-Map="GRUZIK2.0.map" -Wl,--gc-sections -static --specs=nano.specs -mfloat-abi=soft -mthumb -u _printf_float -Wl,--start-group -lc -lm -Wl,--end-group
Finished building target: GRUZIK2.0.elf
 
arm-none-eabi-size   GRUZIK2.0.elf 
arm-none-eabi-objdump -h -S  GRUZIK2.0.elf  > "GRUZIK2.0.list"
   text	   data	    bss	    dec	    hex	filename
  39640	    536	   2216	  42392	   a598	GRUZIK2.0.elf
Finished building: default.size.stdout
 
Finished building: GRUZIK2.0.list
 
16:16:17 **** Incremental Build of configuration Debug for project GRUZIK2.0 ****
make -j4 all 
arm-none-eabi-size   GRUZIK2.0.elf 
   text	   data	    bss	    dec	    hex	filename
  39640	    536	   2216	  42392	   a598	GRUZIK2.0.elf
Finished building: default.size.stdout
 
16:18:02 **** Incremental Build of configuration Debug for project GRUZIK2.0 ****
make -j4 all 
arm-none-eabi-gcc "../Core/Src/main.c" -mcpu=cortex-m3 -std=gnu11 -g3 -DDEBUG -DUSE_HAL_DRIVER -DSTM32F103xB -c -I../Core/Inc -I../Drivers/STM32F1xx_HAL_Driver/Inc/Legacy -I../Drivers/STM32F1xx_HAL_Driver/Inc -I../Drivers/CMSIS/Device/ST/STM32F1xx/Include -I../Drivers/CMSIS/Include -O0 -ffunction-sections -fdata-sections -Wall -fstack-usage -MMD -MP -MF"Core/Src/main.d" -MT"Core/Src/main.o" --specs=nano.specs -mfloat-abi=soft -mthumb -o "Core/Src/main.o"
arm-none-eabi-gcc -o "GRUZIK2.0.elf" @"objects.list"   -mcpu=cortex-m3 -T"D:\SN-USER\Projects\Gruzik2.0-light\Software\LF_GRUZIK2.0_Code\GRUZIK2.0\STM32F103C8TX_FLASH.ld" --specs=nosys.specs -Wl,-Map="GRUZIK2.0.map" -Wl,--gc-sections -static --specs=nano.specs -mfloat-abi=soft -mthumb -u _printf_float -Wl,--start-group -lc -lm -Wl,--end-group
Finished building target: GRUZIK2.0.elf
 
arm-none-eabi-size   GRUZIK2.0.elf 
arm-none-eabi-objdump -h -S  GRUZIK2.0.elf  > "GRUZIK2.0.list"
   text	   data	    bss	    dec	    hex	filename
  39592	    536	   2216	  42344	   a568	GRUZIK2.0.elf
Finished building: default.size.stdout
 
Finished building: GRUZIK2.0.list
 
16:18:09 **** Incremental Build of configuration Debug for project GRUZIK2.0 ****
make -j4 all 
arm-none-eabi-size   GRUZIK2.0.elf 
   text	   data	    bss	    dec	    hex	filename
  39592	    536	   2216	  42344	   a568	GRUZIK2.0.elf
Finished building: default.size.stdout
 
16:25:56 **** Incremental Build of configuration Debug for project GRUZIK2.0 ****
make -j4 all 
arm-none-eabi-gcc "../Core/Src/main.c" -mcpu=cortex-m3 -std=gnu11 -g3 -DDEBUG -DUSE_HAL_DRIVER -DSTM32F103xB -c -I../Core/Inc -I../Drivers/STM32F1xx_HAL_Driver/Inc/Legacy -I../Drivers/STM32F1xx_HAL_Driver/Inc -I../Drivers/CMSIS/Device/ST/STM32F1xx/Include -I../Drivers/CMSIS/Include -O0 -ffunction-sections -fdata-sections -Wall -fstack-usage -MMD -MP -MF"Core/Src/main.d" -MT"Core/Src/main.o" --specs=nano.specs -mfloat-abi=soft -mthumb -o "Core/Src/main.o"
arm-none-eabi-gcc -o "GRUZIK2.0.elf" @"objects.list"   -mcpu=cortex-m3 -T"D:\SN-USER\Projects\Gruzik2.0-light\Software\LF_GRUZIK2.0_Code\GRUZIK2.0\STM32F103C8TX_FLASH.ld" --specs=nosys.specs -Wl,-Map="GRUZIK2.0.map" -Wl,--gc-sections -static --specs=nano.specs -mfloat-abi=soft -mthumb -u _printf_float -Wl,--start-group -lc -lm -Wl,--end-group
Finished building target: GRUZIK2.0.elf
 
arm-none-eabi-size   GRUZIK2.0.elf 
arm-none-eabi-objdump -h -S  GRUZIK2.0.elf  > "GRUZIK2.0.list"
   text	   data	    bss	    dec	    hex	filename
  39584	    536	   2216	  42336	   a560	GRUZIK2.0.elf
Finished building: default.size.stdout
 
Finished building: GRUZIK2.0.list
 
16:26:30 **** Incremental Build of configuration Debug for project GRUZIK2.0 ****
make -j4 all 
arm-none-eabi-size   GRUZIK2.0.elf 
   text	   data	    bss	    dec	    hex	filename
  39584	    536	   2216	  42336	   a560	GRUZIK2.0.elf
Finished building: default.size.stdout
 
16:29:20 **** Incremental Build of configuration Debug for project GRUZIK2.0 ****
make -j4 all 
arm-none-eabi-gcc "../Core/Src/main.c" -mcpu=cortex-m3 -std=gnu11 -g3 -DDEBUG -DUSE_HAL_DRIVER -DSTM32F103xB -c -I../Core/Inc -I../Drivers/STM32F1xx_HAL_Driver/Inc/Legacy -I../Drivers/STM32F1xx_HAL_Driver/Inc -I../Drivers/CMSIS/Device/ST/STM32F1xx/Include -I../Drivers/CMSIS/Include -O0 -ffunction-sections -fdata-sections -Wall -fstack-usage -MMD -MP -MF"Core/Src/main.d" -MT"Core/Src/main.o" --specs=nano.specs -mfloat-abi=soft -mthumb -o "Core/Src/main.o"
arm-none-eabi-gcc -o "GRUZIK2.0.elf" @"objects.list"   -mcpu=cortex-m3 -T"D:\SN-USER\Projects\Gruzik2.0-light\Software\LF_GRUZIK2.0_Code\GRUZIK2.0\STM32F103C8TX_FLASH.ld" --specs=nosys.specs -Wl,-Map="GRUZIK2.0.map" -Wl,--gc-sections -static --specs=nano.specs -mfloat-abi=soft -mthumb -u _printf_float -Wl,--start-group -lc -lm -Wl,--end-group
Finished building target: GRUZIK2.0.elf
 
arm-none-eabi-size   GRUZIK2.0.elf 
arm-none-eabi-objdump -h -S  GRUZIK2.0.elf  > "GRUZIK2.0.list"
   text	   data	    bss	    dec	    hex	filename
  39632	    536	   2216	  42384	   a590	GRUZIK2.0.elf
Finished building: default.size.stdout
 
Finished building: GRUZIK2.0.list
 
16:29:46 **** Incremental Build of configuration Debug for project GRUZIK2.0 ****
make -j4 all 
arm-none-eabi-size   GRUZIK2.0.elf 
   text	   data	    bss	    dec	    hex	filename
  39632	    536	   2216	  42384	   a590	GRUZIK2.0.elf
Finished building: default.size.stdout
 
16:32:01 **** Incremental Build of configuration Debug for project GRUZIK2.0 ****
make -j4 all 
arm-none-eabi-size   GRUZIK2.0.elf 
   text	   data	    bss	    dec	    hex	filename
  39632	    536	   2216	  42384	   a590	GRUZIK2.0.elf
Finished building: default.size.stdout
 
16:36:56 **** Incremental Build of configuration Debug for project GRUZIK2.0 ****
make -j4 all 
arm-none-eabi-gcc "../Core/Src/main.c" -mcpu=cortex-m3 -std=gnu11 -g3 -DDEBUG -DUSE_HAL_DRIVER -DSTM32F103xB -c -I../Core/Inc -I../Drivers/STM32F1xx_HAL_Driver/Inc/Legacy -I../Drivers/STM32F1xx_HAL_Driver/Inc -I../Drivers/CMSIS/Device/ST/STM32F1xx/Include -I../Drivers/CMSIS/Include -O0 -ffunction-sections -fdata-sections -Wall -fstack-usage -MMD -MP -MF"Core/Src/main.d" -MT"Core/Src/main.o" --specs=nano.specs -mfloat-abi=soft -mthumb -o "Core/Src/main.o"
arm-none-eabi-gcc -o "GRUZIK2.0.elf" @"objects.list"   -mcpu=cortex-m3 -T"D:\SN-USER\Projects\Gruzik2.0-light\Software\LF_GRUZIK2.0_Code\GRUZIK2.0\STM32F103C8TX_FLASH.ld" --specs=nosys.specs -Wl,-Map="GRUZIK2.0.map" -Wl,--gc-sections -static --specs=nano.specs -mfloat-abi=soft -mthumb -u _printf_float -Wl,--start-group -lc -lm -Wl,--end-group
Finished building target: GRUZIK2.0.elf
 
arm-none-eabi-size   GRUZIK2.0.elf 
arm-none-eabi-objdump -h -S  GRUZIK2.0.elf  > "GRUZIK2.0.list"
   text	   data	    bss	    dec	    hex	filename
  39632	    536	   2216	  42384	   a590	GRUZIK2.0.elf
Finished building: default.size.stdout
 
Finished building: GRUZIK2.0.list
 
16:37:06 **** Incremental Build of configuration Debug for project GRUZIK2.0 ****
make -j4 all 
arm-none-eabi-size   GRUZIK2.0.elf 
   text	   data	    bss	    dec	    hex	filename
  39632	    536	   2216	  42384	   a590	GRUZIK2.0.elf
Finished building: default.size.stdout
 
16:43:47 **** Incremental Build of configuration Debug for project GRUZIK2.0 ****
make -j4 all 
arm-none-eabi-gcc "../Core/Src/main.c" -mcpu=cortex-m3 -std=gnu11 -g3 -DDEBUG -DUSE_HAL_DRIVER -DSTM32F103xB -c -I../Core/Inc -I../Drivers/STM32F1xx_HAL_Driver/Inc/Legacy -I../Drivers/STM32F1xx_HAL_Driver/Inc -I../Drivers/CMSIS/Device/ST/STM32F1xx/Include -I../Drivers/CMSIS/Include -O0 -ffunction-sections -fdata-sections -Wall -fstack-usage -MMD -MP -MF"Core/Src/main.d" -MT"Core/Src/main.o" --specs=nano.specs -mfloat-abi=soft -mthumb -o "Core/Src/main.o"
arm-none-eabi-gcc -o "GRUZIK2.0.elf" @"objects.list"   -mcpu=cortex-m3 -T"D:\SN-USER\Projects\Gruzik2.0-light\Software\LF_GRUZIK2.0_Code\GRUZIK2.0\STM32F103C8TX_FLASH.ld" --specs=nosys.specs -Wl,-Map="GRUZIK2.0.map" -Wl,--gc-sections -static --specs=nano.specs -mfloat-abi=soft -mthumb -u _printf_float -Wl,--start-group -lc -lm -Wl,--end-group
Finished building target: GRUZIK2.0.elf
 
arm-none-eabi-size   GRUZIK2.0.elf 
arm-none-eabi-objdump -h -S  GRUZIK2.0.elf  > "GRUZIK2.0.list"
   text	   data	    bss	    dec	    hex	filename
  39584	    536	   2216	  42336	   a560	GRUZIK2.0.elf
Finished building: default.size.stdout
 
Finished building: GRUZIK2.0.list
 
16:46:27 **** Incremental Build of configuration Debug for project GRUZIK2.0 ****
make -j4 all 
arm-none-eabi-gcc "../Core/Src/main.c" -mcpu=cortex-m3 -std=gnu11 -g3 -DDEBUG -DUSE_HAL_DRIVER -DSTM32F103xB -c -I../Core/Inc -I../Drivers/STM32F1xx_HAL_Driver/Inc/Legacy -I../Drivers/STM32F1xx_HAL_Driver/Inc -I../Drivers/CMSIS/Device/ST/STM32F1xx/Include -I../Drivers/CMSIS/Include -O0 -ffunction-sections -fdata-sections -Wall -fstack-usage -MMD -MP -MF"Core/Src/main.d" -MT"Core/Src/main.o" --specs=nano.specs -mfloat-abi=soft -mthumb -o "Core/Src/main.o"
arm-none-eabi-gcc -o "GRUZIK2.0.elf" @"objects.list"   -mcpu=cortex-m3 -T"D:\SN-USER\Projects\Gruzik2.0-light\Software\LF_GRUZIK2.0_Code\GRUZIK2.0\STM32F103C8TX_FLASH.ld" --specs=nosys.specs -Wl,-Map="GRUZIK2.0.map" -Wl,--gc-sections -static --specs=nano.specs -mfloat-abi=soft -mthumb -u _printf_float -Wl,--start-group -lc -lm -Wl,--end-group
Finished building target: GRUZIK2.0.elf
 
arm-none-eabi-size   GRUZIK2.0.elf 
arm-none-eabi-objdump -h -S  GRUZIK2.0.elf  > "GRUZIK2.0.list"
   text	   data	    bss	    dec	    hex	filename
  39576	    536	   2216	  42328	   a558	GRUZIK2.0.elf
Finished building: default.size.stdout
 
Finished building: GRUZIK2.0.list
 
16:46:44 **** Incremental Build of configuration Debug for project GRUZIK2.0 ****
make -j4 all 
arm-none-eabi-gcc "../Core/Src/main.c" -mcpu=cortex-m3 -std=gnu11 -g3 -DDEBUG -DUSE_HAL_DRIVER -DSTM32F103xB -c -I../Core/Inc -I../Drivers/STM32F1xx_HAL_Driver/Inc/Legacy -I../Drivers/STM32F1xx_HAL_Driver/Inc -I../Drivers/CMSIS/Device/ST/STM32F1xx/Include -I../Drivers/CMSIS/Include -O0 -ffunction-sections -fdata-sections -Wall -fstack-usage -MMD -MP -MF"Core/Src/main.d" -MT"Core/Src/main.o" --specs=nano.specs -mfloat-abi=soft -mthumb -o "Core/Src/main.o"
arm-none-eabi-gcc -o "GRUZIK2.0.elf" @"objects.list"   -mcpu=cortex-m3 -T"D:\SN-USER\Projects\Gruzik2.0-light\Software\LF_GRUZIK2.0_Code\GRUZIK2.0\STM32F103C8TX_FLASH.ld" --specs=nosys.specs -Wl,-Map="GRUZIK2.0.map" -Wl,--gc-sections -static --specs=nano.specs -mfloat-abi=soft -mthumb -u _printf_float -Wl,--start-group -lc -lm -Wl,--end-group
Finished building target: GRUZIK2.0.elf
 
arm-none-eabi-size   GRUZIK2.0.elf 
arm-none-eabi-objdump -h -S  GRUZIK2.0.elf  > "GRUZIK2.0.list"
   text	   data	    bss	    dec	    hex	filename
  39592	    536	   2216	  42344	   a568	GRUZIK2.0.elf
Finished building: default.size.stdout
 
Finished building: GRUZIK2.0.list
 
16:48:08 **** Incremental Build of configuration Debug for project GRUZIK2.0 ****
make -j4 all 
arm-none-eabi-gcc "../Core/Src/main.c" -mcpu=cortex-m3 -std=gnu11 -g3 -DDEBUG -DUSE_HAL_DRIVER -DSTM32F103xB -c -I../Core/Inc -I../Drivers/STM32F1xx_HAL_Driver/Inc/Legacy -I../Drivers/STM32F1xx_HAL_Driver/Inc -I../Drivers/CMSIS/Device/ST/STM32F1xx/Include -I../Drivers/CMSIS/Include -O0 -ffunction-sections -fdata-sections -Wall -fstack-usage -MMD -MP -MF"Core/Src/main.d" -MT"Core/Src/main.o" --specs=nano.specs -mfloat-abi=soft -mthumb -o "Core/Src/main.o"
arm-none-eabi-gcc -o "GRUZIK2.0.elf" @"objects.list"   -mcpu=cortex-m3 -T"D:\SN-USER\Projects\Gruzik2.0-light\Software\LF_GRUZIK2.0_Code\GRUZIK2.0\STM32F103C8TX_FLASH.ld" --specs=nosys.specs -Wl,-Map="GRUZIK2.0.map" -Wl,--gc-sections -static --specs=nano.specs -mfloat-abi=soft -mthumb -u _printf_float -Wl,--start-group -lc -lm -Wl,--end-group
Finished building target: GRUZIK2.0.elf
 
arm-none-eabi-size   GRUZIK2.0.elf 
arm-none-eabi-objdump -h -S  GRUZIK2.0.elf  > "GRUZIK2.0.list"
   text	   data	    bss	    dec	    hex	filename
  39592	    536	   2216	  42344	   a568	GRUZIK2.0.elf
Finished building: default.size.stdout
 
Finished building: GRUZIK2.0.list
 
17:00:05 **** Incremental Build of configuration Debug for project GRUZIK2.0 ****
make -j4 all 
arm-none-eabi-gcc "../Core/Src/main.c" -mcpu=cortex-m3 -std=gnu11 -g3 -DDEBUG -DUSE_HAL_DRIVER -DSTM32F103xB -c -I../Core/Inc -I../Drivers/STM32F1xx_HAL_Driver/Inc/Legacy -I../Drivers/STM32F1xx_HAL_Driver/Inc -I../Drivers/CMSIS/Device/ST/STM32F1xx/Include -I../Drivers/CMSIS/Include -O0 -ffunction-sections -fdata-sections -Wall -fstack-usage -MMD -MP -MF"Core/Src/main.d" -MT"Core/Src/main.o" --specs=nano.specs -mfloat-abi=soft -mthumb -o "Core/Src/main.o"
arm-none-eabi-gcc -o "GRUZIK2.0.elf" @"objects.list"   -mcpu=cortex-m3 -T"D:\SN-USER\Projects\Gruzik2.0-light\Software\LF_GRUZIK2.0_Code\GRUZIK2.0\STM32F103C8TX_FLASH.ld" --specs=nosys.specs -Wl,-Map="GRUZIK2.0.map" -Wl,--gc-sections -static --specs=nano.specs -mfloat-abi=soft -mthumb -u _printf_float -Wl,--start-group -lc -lm -Wl,--end-group
Finished building target: GRUZIK2.0.elf
 
arm-none-eabi-size   GRUZIK2.0.elf 
arm-none-eabi-objdump -h -S  GRUZIK2.0.elf  > "GRUZIK2.0.list"
   text	   data	    bss	    dec	    hex	filename
  39608	    536	   2216	  42360	   a578	GRUZIK2.0.elf
Finished building: default.size.stdout
 
Finished building: GRUZIK2.0.list
 
17:00:54 **** Incremental Build of configuration Debug for project GRUZIK2.0 ****
make -j4 all 
arm-none-eabi-gcc "../Core/Src/main.c" -mcpu=cortex-m3 -std=gnu11 -g3 -DDEBUG -DUSE_HAL_DRIVER -DSTM32F103xB -c -I../Core/Inc -I../Drivers/STM32F1xx_HAL_Driver/Inc/Legacy -I../Drivers/STM32F1xx_HAL_Driver/Inc -I../Drivers/CMSIS/Device/ST/STM32F1xx/Include -I../Drivers/CMSIS/Include -O0 -ffunction-sections -fdata-sections -Wall -fstack-usage -MMD -MP -MF"Core/Src/main.d" -MT"Core/Src/main.o" --specs=nano.specs -mfloat-abi=soft -mthumb -o "Core/Src/main.o"
arm-none-eabi-gcc -o "GRUZIK2.0.elf" @"objects.list"   -mcpu=cortex-m3 -T"D:\SN-USER\Projects\Gruzik2.0-light\Software\LF_GRUZIK2.0_Code\GRUZIK2.0\STM32F103C8TX_FLASH.ld" --specs=nosys.specs -Wl,-Map="GRUZIK2.0.map" -Wl,--gc-sections -static --specs=nano.specs -mfloat-abi=soft -mthumb -u _printf_float -Wl,--start-group -lc -lm -Wl,--end-group
Finished building target: GRUZIK2.0.elf
 
arm-none-eabi-size   GRUZIK2.0.elf 
arm-none-eabi-objdump -h -S  GRUZIK2.0.elf  > "GRUZIK2.0.list"
   text	   data	    bss	    dec	    hex	filename
  39424	    536	   2216	  42176	   a4c0	GRUZIK2.0.elf
Finished building: default.size.stdout
 
Finished building: GRUZIK2.0.list
 
17:04:42 **** Incremental Build of configuration Debug for project GRUZIK2.0 ****
make -j4 all 
arm-none-eabi-gcc "../Core/Src/main.c" -mcpu=cortex-m3 -std=gnu11 -g3 -DDEBUG -DUSE_HAL_DRIVER -DSTM32F103xB -c -I../Core/Inc -I../Drivers/STM32F1xx_HAL_Driver/Inc/Legacy -I../Drivers/STM32F1xx_HAL_Driver/Inc -I../Drivers/CMSIS/Device/ST/STM32F1xx/Include -I../Drivers/CMSIS/Include -O0 -ffunction-sections -fdata-sections -Wall -fstack-usage -MMD -MP -MF"Core/Src/main.d" -MT"Core/Src/main.o" --specs=nano.specs -mfloat-abi=soft -mthumb -o "Core/Src/main.o"
arm-none-eabi-gcc -o "GRUZIK2.0.elf" @"objects.list"   -mcpu=cortex-m3 -T"D:\SN-USER\Projects\Gruzik2.0-light\Software\LF_GRUZIK2.0_Code\GRUZIK2.0\STM32F103C8TX_FLASH.ld" --specs=nosys.specs -Wl,-Map="GRUZIK2.0.map" -Wl,--gc-sections -static --specs=nano.specs -mfloat-abi=soft -mthumb -u _printf_float -Wl,--start-group -lc -lm -Wl,--end-group
Finished building target: GRUZIK2.0.elf
 
arm-none-eabi-size   GRUZIK2.0.elf 
arm-none-eabi-objdump -h -S  GRUZIK2.0.elf  > "GRUZIK2.0.list"
   text	   data	    bss	    dec	    hex	filename
  39616	    536	   2216	  42368	   a580	GRUZIK2.0.elf
Finished building: default.size.stdout
 
Finished building: GRUZIK2.0.list
 
17:04:47 **** Incremental Build of configuration Debug for project GRUZIK2.0 ****
make -j4 all 
arm-none-eabi-size   GRUZIK2.0.elf 
   text	   data	    bss	    dec	    hex	filename
  39616	    536	   2216	  42368	   a580	GRUZIK2.0.elf
Finished building: default.size.stdout
 
17:10:33 **** Incremental Build of configuration Debug for project GRUZIK2.0 ****
make -j4 all 
arm-none-eabi-gcc "../Core/Src/main.c" -mcpu=cortex-m3 -std=gnu11 -g3 -DDEBUG -DUSE_HAL_DRIVER -DSTM32F103xB -c -I../Core/Inc -I../Drivers/STM32F1xx_HAL_Driver/Inc/Legacy -I../Drivers/STM32F1xx_HAL_Driver/Inc -I../Drivers/CMSIS/Device/ST/STM32F1xx/Include -I../Drivers/CMSIS/Include -O0 -ffunction-sections -fdata-sections -Wall -fstack-usage -MMD -MP -MF"Core/Src/main.d" -MT"Core/Src/main.o" --specs=nano.specs -mfloat-abi=soft -mthumb -o "Core/Src/main.o"
arm-none-eabi-gcc -o "GRUZIK2.0.elf" @"objects.list"   -mcpu=cortex-m3 -T"D:\SN-USER\Projects\Gruzik2.0-light\Software\LF_GRUZIK2.0_Code\GRUZIK2.0\STM32F103C8TX_FLASH.ld" --specs=nosys.specs -Wl,-Map="GRUZIK2.0.map" -Wl,--gc-sections -static --specs=nano.specs -mfloat-abi=soft -mthumb -u _printf_float -Wl,--start-group -lc -lm -Wl,--end-group
Finished building target: GRUZIK2.0.elf
 
arm-none-eabi-size   GRUZIK2.0.elf 
arm-none-eabi-objdump -h -S  GRUZIK2.0.elf  > "GRUZIK2.0.list"
   text	   data	    bss	    dec	    hex	filename
  39616	    536	   2216	  42368	   a580	GRUZIK2.0.elf
Finished building: default.size.stdout
 
Finished building: GRUZIK2.0.list
 
17:10:41 **** Incremental Build of configuration Debug for project GRUZIK2.0 ****
make -j4 all 
arm-none-eabi-size   GRUZIK2.0.elf 
   text	   data	    bss	    dec	    hex	filename
  39616	    536	   2216	  42368	   a580	GRUZIK2.0.elf
Finished building: default.size.stdout
 
17:18:21 **** Incremental Build of configuration Debug for project GRUZIK2.0 ****
make -j4 all 
arm-none-eabi-gcc "../Core/Src/main.c" -mcpu=cortex-m3 -std=gnu11 -g3 -DDEBUG -DUSE_HAL_DRIVER -DSTM32F103xB -c -I../Core/Inc -I../Drivers/STM32F1xx_HAL_Driver/Inc/Legacy -I../Drivers/STM32F1xx_HAL_Driver/Inc -I../Drivers/CMSIS/Device/ST/STM32F1xx/Include -I../Drivers/CMSIS/Include -O0 -ffunction-sections -fdata-sections -Wall -fstack-usage -MMD -MP -MF"Core/Src/main.d" -MT"Core/Src/main.o" --specs=nano.specs -mfloat-abi=soft -mthumb -o "Core/Src/main.o"
arm-none-eabi-gcc -o "GRUZIK2.0.elf" @"objects.list"   -mcpu=cortex-m3 -T"D:\SN-USER\Projects\Gruzik2.0-light\Software\LF_GRUZIK2.0_Code\GRUZIK2.0\STM32F103C8TX_FLASH.ld" --specs=nosys.specs -Wl,-Map="GRUZIK2.0.map" -Wl,--gc-sections -static --specs=nano.specs -mfloat-abi=soft -mthumb -u _printf_float -Wl,--start-group -lc -lm -Wl,--end-group
Finished building target: GRUZIK2.0.elf
 
arm-none-eabi-size   GRUZIK2.0.elf 
arm-none-eabi-objdump -h -S  GRUZIK2.0.elf  > "GRUZIK2.0.list"
   text	   data	    bss	    dec	    hex	filename
  39600	    536	   2216	  42352	   a570	GRUZIK2.0.elf
Finished building: default.size.stdout
 
Finished building: GRUZIK2.0.list
 
17:19:41 **** Incremental Build of configuration Debug for project GRUZIK2.0 ****
make -j4 all 
arm-none-eabi-size   GRUZIK2.0.elf 
   text	   data	    bss	    dec	    hex	filename
  39600	    536	   2216	  42352	   a570	GRUZIK2.0.elf
Finished building: default.size.stdout
 
17:24:06 **** Incremental Build of configuration Debug for project GRUZIK2.0 ****
make -j4 all 
arm-none-eabi-size   GRUZIK2.0.elf 
   text	   data	    bss	    dec	    hex	filename
  39600	    536	   2216	  42352	   a570	GRUZIK2.0.elf
Finished building: default.size.stdout
 
15:32:00 **** Incremental Build of configuration Debug for project GRUZIK2.0 ****
make -j4 all 
arm-none-eabi-gcc "../Core/Src/main.c" -mcpu=cortex-m3 -std=gnu11 -g3 -DDEBUG -DUSE_HAL_DRIVER -DSTM32F103xB -c -I../Core/Inc -I../Drivers/STM32F1xx_HAL_Driver/Inc/Legacy -I../Drivers/STM32F1xx_HAL_Driver/Inc -I../Drivers/CMSIS/Device/ST/STM32F1xx/Include -I../Drivers/CMSIS/Include -O0 -ffunction-sections -fdata-sections -Wall -fstack-usage -MMD -MP -MF"Core/Src/main.d" -MT"Core/Src/main.o" --specs=nano.specs -mfloat-abi=soft -mthumb -o "Core/Src/main.o"
arm-none-eabi-gcc -o "GRUZIK2.0.elf" @"objects.list"   -mcpu=cortex-m3 -T"D:\SN-USER\Projects\Gruzik2.0-light\Software\LF_GRUZIK2.0_Code\GRUZIK2.0\STM32F103C8TX_FLASH.ld" --specs=nosys.specs -Wl,-Map="GRUZIK2.0.map" -Wl,--gc-sections -static --specs=nano.specs -mfloat-abi=soft -mthumb -u _printf_float -Wl,--start-group -lc -lm -Wl,--end-group
Finished building target: GRUZIK2.0.elf
 
arm-none-eabi-size   GRUZIK2.0.elf 
arm-none-eabi-objdump -h -S  GRUZIK2.0.elf  > "GRUZIK2.0.list"
   text	   data	    bss	    dec	    hex	filename
  39680	    536	   2216	  42432	   a5c0	GRUZIK2.0.elf
Finished building: default.size.stdout
 
Finished building: GRUZIK2.0.list
 
15:33:17 **** Incremental Build of configuration Debug for project GRUZIK2.0 ****
make -j4 all 
arm-none-eabi-gcc "../Core/Src/main.c" -mcpu=cortex-m3 -std=gnu11 -g3 -DDEBUG -DUSE_HAL_DRIVER -DSTM32F103xB -c -I../Core/Inc -I../Drivers/STM32F1xx_HAL_Driver/Inc/Legacy -I../Drivers/STM32F1xx_HAL_Driver/Inc -I../Drivers/CMSIS/Device/ST/STM32F1xx/Include -I../Drivers/CMSIS/Include -O0 -ffunction-sections -fdata-sections -Wall -fstack-usage -MMD -MP -MF"Core/Src/main.d" -MT"Core/Src/main.o" --specs=nano.specs -mfloat-abi=soft -mthumb -o "Core/Src/main.o"
arm-none-eabi-gcc -o "GRUZIK2.0.elf" @"objects.list"   -mcpu=cortex-m3 -T"D:\SN-USER\Projects\Gruzik2.0-light\Software\LF_GRUZIK2.0_Code\GRUZIK2.0\STM32F103C8TX_FLASH.ld" --specs=nosys.specs -Wl,-Map="GRUZIK2.0.map" -Wl,--gc-sections -static --specs=nano.specs -mfloat-abi=soft -mthumb -u _printf_float -Wl,--start-group -lc -lm -Wl,--end-group
Finished building target: GRUZIK2.0.elf
 
arm-none-eabi-size   GRUZIK2.0.elf 
arm-none-eabi-objdump -h -S  GRUZIK2.0.elf  > "GRUZIK2.0.list"
   text	   data	    bss	    dec	    hex	filename
  39704	    536	   2216	  42456	   a5d8	GRUZIK2.0.elf
Finished building: default.size.stdout
 
Finished building: GRUZIK2.0.list
 
15:34:55 **** Incremental Build of configuration Debug for project GRUZIK2.0 ****
make -j4 all 
arm-none-eabi-size   GRUZIK2.0.elf 
   text	   data	    bss	    dec	    hex	filename
  39704	    536	   2216	  42456	   a5d8	GRUZIK2.0.elf
Finished building: default.size.stdout
 
15:45:35 **** Incremental Build of configuration Debug for project GRUZIK2.0 ****
make -j4 all 
arm-none-eabi-gcc "../Core/Src/main.c" -mcpu=cortex-m3 -std=gnu11 -g3 -DDEBUG -DUSE_HAL_DRIVER -DSTM32F103xB -c -I../Core/Inc -I../Drivers/STM32F1xx_HAL_Driver/Inc/Legacy -I../Drivers/STM32F1xx_HAL_Driver/Inc -I../Drivers/CMSIS/Device/ST/STM32F1xx/Include -I../Drivers/CMSIS/Include -O0 -ffunction-sections -fdata-sections -Wall -fstack-usage -MMD -MP -MF"Core/Src/main.d" -MT"Core/Src/main.o" --specs=nano.specs -mfloat-abi=soft -mthumb -o "Core/Src/main.o"
arm-none-eabi-gcc "../Core/Src/tim.c" -mcpu=cortex-m3 -std=gnu11 -g3 -DDEBUG -DUSE_HAL_DRIVER -DSTM32F103xB -c -I../Core/Inc -I../Drivers/STM32F1xx_HAL_Driver/Inc/Legacy -I../Drivers/STM32F1xx_HAL_Driver/Inc -I../Drivers/CMSIS/Device/ST/STM32F1xx/Include -I../Drivers/CMSIS/Include -O0 -ffunction-sections -fdata-sections -Wall -fstack-usage -MMD -MP -MF"Core/Src/tim.d" -MT"Core/Src/tim.o" --specs=nano.specs -mfloat-abi=soft -mthumb -o "Core/Src/tim.o"
arm-none-eabi-gcc -o "GRUZIK2.0.elf" @"objects.list"   -mcpu=cortex-m3 -T"D:\SN-USER\Projects\Gruzik2.0-light\Software\LF_GRUZIK2.0_Code\GRUZIK2.0\STM32F103C8TX_FLASH.ld" --specs=nosys.specs -Wl,-Map="GRUZIK2.0.map" -Wl,--gc-sections -static --specs=nano.specs -mfloat-abi=soft -mthumb -u _printf_float -Wl,--start-group -lc -lm -Wl,--end-group
Finished building target: GRUZIK2.0.elf
 
arm-none-eabi-size   GRUZIK2.0.elf 
arm-none-eabi-objdump -h -S  GRUZIK2.0.elf  > "GRUZIK2.0.list"
   text	   data	    bss	    dec	    hex	filename
  39704	    536	   2216	  42456	   a5d8	GRUZIK2.0.elf
Finished building: default.size.stdout
 
Finished building: GRUZIK2.0.list
 
15:47:26 **** Incremental Build of configuration Debug for project GRUZIK2.0 ****
make -j4 all 
arm-none-eabi-gcc "../Core/Src/main.c" -mcpu=cortex-m3 -std=gnu11 -g3 -DDEBUG -DUSE_HAL_DRIVER -DSTM32F103xB -c -I../Core/Inc -I../Drivers/STM32F1xx_HAL_Driver/Inc/Legacy -I../Drivers/STM32F1xx_HAL_Driver/Inc -I../Drivers/CMSIS/Device/ST/STM32F1xx/Include -I../Drivers/CMSIS/Include -O0 -ffunction-sections -fdata-sections -Wall -fstack-usage -MMD -MP -MF"Core/Src/main.d" -MT"Core/Src/main.o" --specs=nano.specs -mfloat-abi=soft -mthumb -o "Core/Src/main.o"
arm-none-eabi-gcc -o "GRUZIK2.0.elf" @"objects.list"   -mcpu=cortex-m3 -T"D:\SN-USER\Projects\Gruzik2.0-light\Software\LF_GRUZIK2.0_Code\GRUZIK2.0\STM32F103C8TX_FLASH.ld" --specs=nosys.specs -Wl,-Map="GRUZIK2.0.map" -Wl,--gc-sections -static --specs=nano.specs -mfloat-abi=soft -mthumb -u _printf_float -Wl,--start-group -lc -lm -Wl,--end-group
Finished building target: GRUZIK2.0.elf
 
arm-none-eabi-size   GRUZIK2.0.elf 
arm-none-eabi-objdump -h -S  GRUZIK2.0.elf  > "GRUZIK2.0.list"
   text	   data	    bss	    dec	    hex	filename
  39704	    536	   2216	  42456	   a5d8	GRUZIK2.0.elf
Finished building: default.size.stdout
 
Finished building: GRUZIK2.0.list
 
15:51:23 **** Incremental Build of configuration Debug for project GRUZIK2.0 ****
make -j4 all 
arm-none-eabi-gcc -o "GRUZIK2.0.elf" @"objects.list"   -mcpu=cortex-m3 -T"D:\SN-USER\Projects\Gruzik2.0-light\Software\LF_GRUZIK2.0_Code\GRUZIK2.0\STM32F103C8TX_FLASH.ld" --specs=nosys.specs -Wl,-Map="GRUZIK2.0.map" -Wl,--gc-sections -static --specs=nano.specs -mfloat-abi=soft -mthumb -u _printf_float -Wl,--start-group -lc -lm -Wl,--end-group
Finished building target: GRUZIK2.0.elf
 
arm-none-eabi-size   GRUZIK2.0.elf 
arm-none-eabi-objdump -h -S  GRUZIK2.0.elf  > "GRUZIK2.0.list"
   text	   data	    bss	    dec	    hex	filename
  39704	    536	   2216	  42456	   a5d8	GRUZIK2.0.elf
Finished building: default.size.stdout
 
Finished building: GRUZIK2.0.list
 
16:04:00 **** Incremental Build of configuration Debug for project GRUZIK2.0 ****
make -j4 all 
arm-none-eabi-gcc "../Core/Src/main.c" -mcpu=cortex-m3 -std=gnu11 -g3 -DDEBUG -DUSE_HAL_DRIVER -DSTM32F103xB -c -I../Core/Inc -I../Drivers/STM32F1xx_HAL_Driver/Inc/Legacy -I../Drivers/STM32F1xx_HAL_Driver/Inc -I../Drivers/CMSIS/Device/ST/STM32F1xx/Include -I../Drivers/CMSIS/Include -O0 -ffunction-sections -fdata-sections -Wall -fstack-usage -MMD -MP -MF"Core/Src/main.d" -MT"Core/Src/main.o" --specs=nano.specs -mfloat-abi=soft -mthumb -o "Core/Src/main.o"
arm-none-eabi-gcc "../Core/Src/tim.c" -mcpu=cortex-m3 -std=gnu11 -g3 -DDEBUG -DUSE_HAL_DRIVER -DSTM32F103xB -c -I../Core/Inc -I../Drivers/STM32F1xx_HAL_Driver/Inc/Legacy -I../Drivers/STM32F1xx_HAL_Driver/Inc -I../Drivers/CMSIS/Device/ST/STM32F1xx/Include -I../Drivers/CMSIS/Include -O0 -ffunction-sections -fdata-sections -Wall -fstack-usage -MMD -MP -MF"Core/Src/tim.d" -MT"Core/Src/tim.o" --specs=nano.specs -mfloat-abi=soft -mthumb -o "Core/Src/tim.o"
arm-none-eabi-gcc -o "GRUZIK2.0.elf" @"objects.list"   -mcpu=cortex-m3 -T"D:\SN-USER\Projects\Gruzik2.0-light\Software\LF_GRUZIK2.0_Code\GRUZIK2.0\STM32F103C8TX_FLASH.ld" --specs=nosys.specs -Wl,-Map="GRUZIK2.0.map" -Wl,--gc-sections -static --specs=nano.specs -mfloat-abi=soft -mthumb -u _printf_float -Wl,--start-group -lc -lm -Wl,--end-group
Finished building target: GRUZIK2.0.elf
 
arm-none-eabi-size   GRUZIK2.0.elf 
arm-none-eabi-objdump -h -S  GRUZIK2.0.elf  > "GRUZIK2.0.list"
   text	   data	    bss	    dec	    hex	filename
  39736	    536	   2216	  42488	   a5f8	GRUZIK2.0.elf
Finished building: default.size.stdout
 
Finished building: GRUZIK2.0.list
 
16:04:34 **** Incremental Build of configuration Debug for project GRUZIK2.0 ****
make -j4 all 
arm-none-eabi-size   GRUZIK2.0.elf 
   text	   data	    bss	    dec	    hex	filename
  39736	    536	   2216	  42488	   a5f8	GRUZIK2.0.elf
Finished building: default.size.stdout
 
16:34:20 **** Incremental Build of configuration Debug for project GRUZIK2.0 ****
make -j4 all 
arm-none-eabi-gcc "../Core/Src/stm32f1xx_it.c" -mcpu=cortex-m3 -std=gnu11 -g3 -DDEBUG -DUSE_HAL_DRIVER -DSTM32F103xB -c -I../Core/Inc -I../Drivers/STM32F1xx_HAL_Driver/Inc/Legacy -I../Drivers/STM32F1xx_HAL_Driver/Inc -I../Drivers/CMSIS/Device/ST/STM32F1xx/Include -I../Drivers/CMSIS/Include -O0 -ffunction-sections -fdata-sections -Wall -fstack-usage -MMD -MP -MF"Core/Src/stm32f1xx_it.d" -MT"Core/Src/stm32f1xx_it.o" --specs=nano.specs -mfloat-abi=soft -mthumb -o "Core/Src/stm32f1xx_it.o"
arm-none-eabi-gcc "../Core/Src/tim.c" -mcpu=cortex-m3 -std=gnu11 -g3 -DDEBUG -DUSE_HAL_DRIVER -DSTM32F103xB -c -I../Core/Inc -I../Drivers/STM32F1xx_HAL_Driver/Inc/Legacy -I../Drivers/STM32F1xx_HAL_Driver/Inc -I../Drivers/CMSIS/Device/ST/STM32F1xx/Include -I../Drivers/CMSIS/Include -O0 -ffunction-sections -fdata-sections -Wall -fstack-usage -MMD -MP -MF"Core/Src/tim.d" -MT"Core/Src/tim.o" --specs=nano.specs -mfloat-abi=soft -mthumb -o "Core/Src/tim.o"
arm-none-eabi-gcc -o "GRUZIK2.0.elf" @"objects.list"   -mcpu=cortex-m3 -T"D:\SN-USER\Projects\Gruzik2.0-light\Software\LF_GRUZIK2.0_Code\GRUZIK2.0\STM32F103C8TX_FLASH.ld" --specs=nosys.specs -Wl,-Map="GRUZIK2.0.map" -Wl,--gc-sections -static --specs=nano.specs -mfloat-abi=soft -mthumb -u _printf_float -Wl,--start-group -lc -lm -Wl,--end-group
Finished building target: GRUZIK2.0.elf
 
arm-none-eabi-size   GRUZIK2.0.elf 
arm-none-eabi-objdump -h -S  GRUZIK2.0.elf  > "GRUZIK2.0.list"
   text	   data	    bss	    dec	    hex	filename
  40816	    536	   2216	  43568	   aa30	GRUZIK2.0.elf
Finished building: default.size.stdout
 
Finished building: GRUZIK2.0.list
 
16:34:27 **** Incremental Build of configuration Debug for project GRUZIK2.0 ****
make -j4 all 
arm-none-eabi-size   GRUZIK2.0.elf 
   text	   data	    bss	    dec	    hex	filename
  40816	    536	   2216	  43568	   aa30	GRUZIK2.0.elf
Finished building: default.size.stdout
 
16:40:34 **** Incremental Build of configuration Debug for project GRUZIK2.0 ****
make -j4 all 
arm-none-eabi-gcc "../Core/Src/main.c" -mcpu=cortex-m3 -std=gnu11 -g3 -DDEBUG -DUSE_HAL_DRIVER -DSTM32F103xB -c -I../Core/Inc -I../Drivers/STM32F1xx_HAL_Driver/Inc/Legacy -I../Drivers/STM32F1xx_HAL_Driver/Inc -I../Drivers/CMSIS/Device/ST/STM32F1xx/Include -I../Drivers/CMSIS/Include -O0 -ffunction-sections -fdata-sections -Wall -fstack-usage -MMD -MP -MF"Core/Src/main.d" -MT"Core/Src/main.o" --specs=nano.specs -mfloat-abi=soft -mthumb -o "Core/Src/main.o"
arm-none-eabi-gcc "../Core/Src/tim.c" -mcpu=cortex-m3 -std=gnu11 -g3 -DDEBUG -DUSE_HAL_DRIVER -DSTM32F103xB -c -I../Core/Inc -I../Drivers/STM32F1xx_HAL_Driver/Inc/Legacy -I../Drivers/STM32F1xx_HAL_Driver/Inc -I../Drivers/CMSIS/Device/ST/STM32F1xx/Include -I../Drivers/CMSIS/Include -O0 -ffunction-sections -fdata-sections -Wall -fstack-usage -MMD -MP -MF"Core/Src/tim.d" -MT"Core/Src/tim.o" --specs=nano.specs -mfloat-abi=soft -mthumb -o "Core/Src/tim.o"
arm-none-eabi-gcc -o "GRUZIK2.0.elf" @"objects.list"   -mcpu=cortex-m3 -T"D:\SN-USER\Projects\Gruzik2.0-light\Software\LF_GRUZIK2.0_Code\GRUZIK2.0\STM32F103C8TX_FLASH.ld" --specs=nosys.specs -Wl,-Map="GRUZIK2.0.map" -Wl,--gc-sections -static --specs=nano.specs -mfloat-abi=soft -mthumb -u _printf_float -Wl,--start-group -lc -lm -Wl,--end-group
Finished building target: GRUZIK2.0.elf
 
arm-none-eabi-size   GRUZIK2.0.elf 
arm-none-eabi-objdump -h -S  GRUZIK2.0.elf  > "GRUZIK2.0.list"
   text	   data	    bss	    dec	    hex	filename
  40816	    536	   2216	  43568	   aa30	GRUZIK2.0.elf
Finished building: default.size.stdout
 
Finished building: GRUZIK2.0.list
 
16:53:35 **** Incremental Build of configuration Debug for project GRUZIK2.0 ****
make -j4 all 
arm-none-eabi-gcc "../Core/Src/main.c" -mcpu=cortex-m3 -std=gnu11 -g3 -DDEBUG -DUSE_HAL_DRIVER -DSTM32F103xB -c -I../Core/Inc -I../Drivers/STM32F1xx_HAL_Driver/Inc/Legacy -I../Drivers/STM32F1xx_HAL_Driver/Inc -I../Drivers/CMSIS/Device/ST/STM32F1xx/Include -I../Drivers/CMSIS/Include -O0 -ffunction-sections -fdata-sections -Wall -fstack-usage -MMD -MP -MF"Core/Src/main.d" -MT"Core/Src/main.o" --specs=nano.specs -mfloat-abi=soft -mthumb -o "Core/Src/main.o"
arm-none-eabi-gcc "../Core/Src/tim.c" -mcpu=cortex-m3 -std=gnu11 -g3 -DDEBUG -DUSE_HAL_DRIVER -DSTM32F103xB -c -I../Core/Inc -I../Drivers/STM32F1xx_HAL_Driver/Inc/Legacy -I../Drivers/STM32F1xx_HAL_Driver/Inc -I../Drivers/CMSIS/Device/ST/STM32F1xx/Include -I../Drivers/CMSIS/Include -O0 -ffunction-sections -fdata-sections -Wall -fstack-usage -MMD -MP -MF"Core/Src/tim.d" -MT"Core/Src/tim.o" --specs=nano.specs -mfloat-abi=soft -mthumb -o "Core/Src/tim.o"
arm-none-eabi-gcc -o "GRUZIK2.0.elf" @"objects.list"   -mcpu=cortex-m3 -T"D:\SN-USER\Projects\Gruzik2.0-light\Software\LF_GRUZIK2.0_Code\GRUZIK2.0\STM32F103C8TX_FLASH.ld" --specs=nosys.specs -Wl,-Map="GRUZIK2.0.map" -Wl,--gc-sections -static --specs=nano.specs -mfloat-abi=soft -mthumb -u _printf_float -Wl,--start-group -lc -lm -Wl,--end-group
Finished building target: GRUZIK2.0.elf
 
arm-none-eabi-size   GRUZIK2.0.elf 
arm-none-eabi-objdump -h -S  GRUZIK2.0.elf  > "GRUZIK2.0.list"
   text	   data	    bss	    dec	    hex	filename
  40824	    536	   2216	  43576	   aa38	GRUZIK2.0.elf
Finished building: default.size.stdout
 
Finished building: GRUZIK2.0.list
 
16:56:02 **** Incremental Build of configuration Debug for project GRUZIK2.0 ****
make -j4 all 
arm-none-eabi-gcc -o "GRUZIK2.0.elf" @"objects.list"   -mcpu=cortex-m3 -T"D:\SN-USER\Projects\Gruzik2.0-light\Software\LF_GRUZIK2.0_Code\GRUZIK2.0\STM32F103C8TX_FLASH.ld" --specs=nosys.specs -Wl,-Map="GRUZIK2.0.map" -Wl,--gc-sections -static --specs=nano.specs -mfloat-abi=soft -mthumb -u _printf_float -Wl,--start-group -lc -lm -Wl,--end-group
Finished building target: GRUZIK2.0.elf
 
arm-none-eabi-size   GRUZIK2.0.elf 
arm-none-eabi-objdump -h -S  GRUZIK2.0.elf  > "GRUZIK2.0.list"
   text	   data	    bss	    dec	    hex	filename
  40824	    536	   2216	  43576	   aa38	GRUZIK2.0.elf
Finished building: default.size.stdout
 
Finished building: GRUZIK2.0.list
 
16:56:48 **** Incremental Build of configuration Debug for project GRUZIK2.0 ****
make -j4 all 
arm-none-eabi-size   GRUZIK2.0.elf 
   text	   data	    bss	    dec	    hex	filename
  40824	    536	   2216	  43576	   aa38	GRUZIK2.0.elf
Finished building: default.size.stdout
 
16:57:08 **** Incremental Build of configuration Debug for project GRUZIK2.0 ****
make -j4 all 
arm-none-eabi-size   GRUZIK2.0.elf 
   text	   data	    bss	    dec	    hex	filename
  40824	    536	   2216	  43576	   aa38	GRUZIK2.0.elf
Finished building: default.size.stdout
 
17:01:41 **** Incremental Build of configuration Debug for project GRUZIK2.0 ****
make -j4 all 
arm-none-eabi-gcc "../Core/Src/main.c" -mcpu=cortex-m3 -std=gnu11 -g3 -DDEBUG -DUSE_HAL_DRIVER -DSTM32F103xB -c -I../Core/Inc -I../Drivers/STM32F1xx_HAL_Driver/Inc/Legacy -I../Drivers/STM32F1xx_HAL_Driver/Inc -I../Drivers/CMSIS/Device/ST/STM32F1xx/Include -I../Drivers/CMSIS/Include -O0 -ffunction-sections -fdata-sections -Wall -fstack-usage -MMD -MP -MF"Core/Src/main.d" -MT"Core/Src/main.o" --specs=nano.specs -mfloat-abi=soft -mthumb -o "Core/Src/main.o"
arm-none-eabi-gcc -o "GRUZIK2.0.elf" @"objects.list"   -mcpu=cortex-m3 -T"D:\SN-USER\Projects\Gruzik2.0-light\Software\LF_GRUZIK2.0_Code\GRUZIK2.0\STM32F103C8TX_FLASH.ld" --specs=nosys.specs -Wl,-Map="GRUZIK2.0.map" -Wl,--gc-sections -static --specs=nano.specs -mfloat-abi=soft -mthumb -u _printf_float -Wl,--start-group -lc -lm -Wl,--end-group
Finished building target: GRUZIK2.0.elf
 
arm-none-eabi-size   GRUZIK2.0.elf 
arm-none-eabi-objdump -h -S  GRUZIK2.0.elf  > "GRUZIK2.0.list"
   text	   data	    bss	    dec	    hex	filename
  40840	    536	   2216	  43592	   aa48	GRUZIK2.0.elf
Finished building: default.size.stdout
 
Finished building: GRUZIK2.0.list
 
17:01:53 **** Incremental Build of configuration Debug for project GRUZIK2.0 ****
make -j4 all 
arm-none-eabi-size   GRUZIK2.0.elf 
   text	   data	    bss	    dec	    hex	filename
  40840	    536	   2216	  43592	   aa48	GRUZIK2.0.elf
Finished building: default.size.stdout
 
17:04:38 **** Incremental Build of configuration Debug for project GRUZIK2.0 ****
make -j4 all 
arm-none-eabi-gcc "../Core/Src/main.c" -mcpu=cortex-m3 -std=gnu11 -g3 -DDEBUG -DUSE_HAL_DRIVER -DSTM32F103xB -c -I../Core/Inc -I../Drivers/STM32F1xx_HAL_Driver/Inc/Legacy -I../Drivers/STM32F1xx_HAL_Driver/Inc -I../Drivers/CMSIS/Device/ST/STM32F1xx/Include -I../Drivers/CMSIS/Include -O0 -ffunction-sections -fdata-sections -Wall -fstack-usage -MMD -MP -MF"Core/Src/main.d" -MT"Core/Src/main.o" --specs=nano.specs -mfloat-abi=soft -mthumb -o "Core/Src/main.o"
arm-none-eabi-gcc -o "GRUZIK2.0.elf" @"objects.list"   -mcpu=cortex-m3 -T"D:\SN-USER\Projects\Gruzik2.0-light\Software\LF_GRUZIK2.0_Code\GRUZIK2.0\STM32F103C8TX_FLASH.ld" --specs=nosys.specs -Wl,-Map="GRUZIK2.0.map" -Wl,--gc-sections -static --specs=nano.specs -mfloat-abi=soft -mthumb -u _printf_float -Wl,--start-group -lc -lm -Wl,--end-group
Finished building target: GRUZIK2.0.elf
 
arm-none-eabi-size   GRUZIK2.0.elf 
arm-none-eabi-objdump -h -S  GRUZIK2.0.elf  > "GRUZIK2.0.list"
   text	   data	    bss	    dec	    hex	filename
  40840	    536	   2216	  43592	   aa48	GRUZIK2.0.elf
Finished building: default.size.stdout
 
Finished building: GRUZIK2.0.list
 
17:08:49 **** Incremental Build of configuration Debug for project GRUZIK2.0 ****
make -j4 all 
arm-none-eabi-gcc "../Core/Src/main.c" -mcpu=cortex-m3 -std=gnu11 -g3 -DDEBUG -DUSE_HAL_DRIVER -DSTM32F103xB -c -I../Core/Inc -I../Drivers/STM32F1xx_HAL_Driver/Inc/Legacy -I../Drivers/STM32F1xx_HAL_Driver/Inc -I../Drivers/CMSIS/Device/ST/STM32F1xx/Include -I../Drivers/CMSIS/Include -O0 -ffunction-sections -fdata-sections -Wall -fstack-usage -MMD -MP -MF"Core/Src/main.d" -MT"Core/Src/main.o" --specs=nano.specs -mfloat-abi=soft -mthumb -o "Core/Src/main.o"
arm-none-eabi-gcc -o "GRUZIK2.0.elf" @"objects.list"   -mcpu=cortex-m3 -T"D:\SN-USER\Projects\Gruzik2.0-light\Software\LF_GRUZIK2.0_Code\GRUZIK2.0\STM32F103C8TX_FLASH.ld" --specs=nosys.specs -Wl,-Map="GRUZIK2.0.map" -Wl,--gc-sections -static --specs=nano.specs -mfloat-abi=soft -mthumb -u _printf_float -Wl,--start-group -lc -lm -Wl,--end-group
Finished building target: GRUZIK2.0.elf
 
arm-none-eabi-size   GRUZIK2.0.elf 
arm-none-eabi-objdump -h -S  GRUZIK2.0.elf  > "GRUZIK2.0.list"
   text	   data	    bss	    dec	    hex	filename
  40776	    536	   2216	  43528	   aa08	GRUZIK2.0.elf
Finished building: default.size.stdout
 
Finished building: GRUZIK2.0.list
 
17:09:08 **** Incremental Build of configuration Debug for project GRUZIK2.0 ****
make -j4 all 
arm-none-eabi-size   GRUZIK2.0.elf 
   text	   data	    bss	    dec	    hex	filename
  40776	    536	   2216	  43528	   aa08	GRUZIK2.0.elf
Finished building: default.size.stdout
 
17:09:41 **** Incremental Build of configuration Debug for project GRUZIK2.0 ****
make -j4 all 
arm-none-eabi-size   GRUZIK2.0.elf 
   text	   data	    bss	    dec	    hex	filename
  40776	    536	   2216	  43528	   aa08	GRUZIK2.0.elf
Finished building: default.size.stdout
 
17:50:12 **** Incremental Build of configuration Debug for project GRUZIK2.0 ****
make -j4 all 
arm-none-eabi-gcc "../Core/Src/main.c" -mcpu=cortex-m3 -std=gnu11 -g3 -DDEBUG -DUSE_HAL_DRIVER -DSTM32F103xB -c -I../Core/Inc -I../Drivers/STM32F1xx_HAL_Driver/Inc/Legacy -I../Drivers/STM32F1xx_HAL_Driver/Inc -I../Drivers/CMSIS/Device/ST/STM32F1xx/Include -I../Drivers/CMSIS/Include -O0 -ffunction-sections -fdata-sections -Wall -fstack-usage -MMD -MP -MF"Core/Src/main.d" -MT"Core/Src/main.o" --specs=nano.specs -mfloat-abi=soft -mthumb -o "Core/Src/main.o"
arm-none-eabi-gcc "../Core/Src/tim.c" -mcpu=cortex-m3 -std=gnu11 -g3 -DDEBUG -DUSE_HAL_DRIVER -DSTM32F103xB -c -I../Core/Inc -I../Drivers/STM32F1xx_HAL_Driver/Inc/Legacy -I../Drivers/STM32F1xx_HAL_Driver/Inc -I../Drivers/CMSIS/Device/ST/STM32F1xx/Include -I../Drivers/CMSIS/Include -O0 -ffunction-sections -fdata-sections -Wall -fstack-usage -MMD -MP -MF"Core/Src/tim.d" -MT"Core/Src/tim.o" --specs=nano.specs -mfloat-abi=soft -mthumb -o "Core/Src/tim.o"
arm-none-eabi-gcc -o "GRUZIK2.0.elf" @"objects.list"   -mcpu=cortex-m3 -T"D:\SN-USER\Projects\Gruzik2.0-light\Software\LF_GRUZIK2.0_Code\GRUZIK2.0\STM32F103C8TX_FLASH.ld" --specs=nosys.specs -Wl,-Map="GRUZIK2.0.map" -Wl,--gc-sections -static --specs=nano.specs -mfloat-abi=soft -mthumb -u _printf_float -Wl,--start-group -lc -lm -Wl,--end-group
Finished building target: GRUZIK2.0.elf
 
arm-none-eabi-size   GRUZIK2.0.elf 
arm-none-eabi-objdump -h -S  GRUZIK2.0.elf  > "GRUZIK2.0.list"
   text	   data	    bss	    dec	    hex	filename
  41240	    536	   2216	  43992	   abd8	GRUZIK2.0.elf
Finished building: default.size.stdout
 
Finished building: GRUZIK2.0.list
 
17:55:32 **** Incremental Build of configuration Debug for project GRUZIK2.0 ****
make -j4 all 
arm-none-eabi-gcc "../Core/Src/tim.c" -mcpu=cortex-m3 -std=gnu11 -g3 -DDEBUG -DUSE_HAL_DRIVER -DSTM32F103xB -c -I../Core/Inc -I../Drivers/STM32F1xx_HAL_Driver/Inc/Legacy -I../Drivers/STM32F1xx_HAL_Driver/Inc -I../Drivers/CMSIS/Device/ST/STM32F1xx/Include -I../Drivers/CMSIS/Include -O0 -ffunction-sections -fdata-sections -Wall -fstack-usage -MMD -MP -MF"Core/Src/tim.d" -MT"Core/Src/tim.o" --specs=nano.specs -mfloat-abi=soft -mthumb -o "Core/Src/tim.o"
arm-none-eabi-gcc -o "GRUZIK2.0.elf" @"objects.list"   -mcpu=cortex-m3 -T"D:\SN-USER\Projects\Gruzik2.0-light\Software\LF_GRUZIK2.0_Code\GRUZIK2.0\STM32F103C8TX_FLASH.ld" --specs=nosys.specs -Wl,-Map="GRUZIK2.0.map" -Wl,--gc-sections -static --specs=nano.specs -mfloat-abi=soft -mthumb -u _printf_float -Wl,--start-group -lc -lm -Wl,--end-group
Finished building target: GRUZIK2.0.elf
 
arm-none-eabi-size   GRUZIK2.0.elf 
arm-none-eabi-objdump -h -S  GRUZIK2.0.elf  > "GRUZIK2.0.list"
   text	   data	    bss	    dec	    hex	filename
  40768	    536	   2216	  43520	   aa00	GRUZIK2.0.elf
Finished building: default.size.stdout
 
Finished building: GRUZIK2.0.list
 
17:55:37 **** Incremental Build of configuration Debug for project GRUZIK2.0 ****
make -j4 all 
arm-none-eabi-size   GRUZIK2.0.elf 
   text	   data	    bss	    dec	    hex	filename
  40768	    536	   2216	  43520	   aa00	GRUZIK2.0.elf
Finished building: default.size.stdout
 
20:55:54 **** Incremental Build of configuration Debug for project GRUZIK2.0 ****
make -j4 all 
arm-none-eabi-gcc "../Core/Src/main.c" -mcpu=cortex-m3 -std=gnu11 -g3 -DDEBUG -DUSE_HAL_DRIVER -DSTM32F103xB -c -I../Core/Inc -I../Drivers/STM32F1xx_HAL_Driver/Inc/Legacy -I../Drivers/STM32F1xx_HAL_Driver/Inc -I../Drivers/CMSIS/Device/ST/STM32F1xx/Include -I../Drivers/CMSIS/Include -O0 -ffunction-sections -fdata-sections -Wall -fstack-usage -MMD -MP -MF"Core/Src/main.d" -MT"Core/Src/main.o" --specs=nano.specs -mfloat-abi=soft -mthumb -o "Core/Src/main.o"
arm-none-eabi-gcc -o "GRUZIK2.0.elf" @"objects.list"   -mcpu=cortex-m3 -T"D:\SN-USER\Projects\Gruzik2.0-light\Software\LF_GRUZIK2.0_Code\GRUZIK2.0\STM32F103C8TX_FLASH.ld" --specs=nosys.specs -Wl,-Map="GRUZIK2.0.map" -Wl,--gc-sections -static --specs=nano.specs -mfloat-abi=soft -mthumb -u _printf_float -Wl,--start-group -lc -lm -Wl,--end-group
Finished building target: GRUZIK2.0.elf
 
arm-none-eabi-size   GRUZIK2.0.elf 
arm-none-eabi-objdump -h -S  GRUZIK2.0.elf  > "GRUZIK2.0.list"
   text	   data	    bss	    dec	    hex	filename
  40936	    536	   2216	  43688	   aaa8	GRUZIK2.0.elf
Finished building: default.size.stdout
 
Finished building: GRUZIK2.0.list
 
20:57:27 **** Incremental Build of configuration Debug for project GRUZIK2.0 ****
make -j4 all 
arm-none-eabi-size   GRUZIK2.0.elf 
   text	   data	    bss	    dec	    hex	filename
  40936	    536	   2216	  43688	   aaa8	GRUZIK2.0.elf
Finished building: default.size.stdout
 
23:26:38 **** Incremental Build of configuration Debug for project GRUZIK2.0 ****
make -j4 all 
arm-none-eabi-gcc "../Core/Src/main.c" -mcpu=cortex-m3 -std=gnu11 -g3 -DDEBUG -DUSE_HAL_DRIVER -DSTM32F103xB -c -I../Core/Inc -I../Drivers/STM32F1xx_HAL_Driver/Inc/Legacy -I../Drivers/STM32F1xx_HAL_Driver/Inc -I../Drivers/CMSIS/Device/ST/STM32F1xx/Include -I../Drivers/CMSIS/Include -O0 -ffunction-sections -fdata-sections -Wall -fstack-usage -MMD -MP -MF"Core/Src/main.d" -MT"Core/Src/main.o" --specs=nano.specs -mfloat-abi=soft -mthumb -o "Core/Src/main.o"
arm-none-eabi-gcc -o "GRUZIK2.0.elf" @"objects.list"   -mcpu=cortex-m3 -T"D:\SN-USER\Projects\Gruzik2.0-light\Software\LF_GRUZIK2.0_Code\GRUZIK2.0\STM32F103C8TX_FLASH.ld" --specs=nosys.specs -Wl,-Map="GRUZIK2.0.map" -Wl,--gc-sections -static --specs=nano.specs -mfloat-abi=soft -mthumb -u _printf_float -Wl,--start-group -lc -lm -Wl,--end-group
Finished building target: GRUZIK2.0.elf
 
arm-none-eabi-size   GRUZIK2.0.elf 
arm-none-eabi-objdump -h -S  GRUZIK2.0.elf  > "GRUZIK2.0.list"
   text	   data	    bss	    dec	    hex	filename
  40936	    536	   2216	  43688	   aaa8	GRUZIK2.0.elf
Finished building: default.size.stdout
 
Finished building: GRUZIK2.0.list
 
23:28:48 **** Incremental Build of configuration Debug for project GRUZIK2.0 ****
make -j4 all 
arm-none-eabi-gcc -o "GRUZIK2.0.elf" @"objects.list"   -mcpu=cortex-m3 -T"D:\SN-USER\Projects\Gruzik2.0-light\Software\LF_GRUZIK2.0_Code\GRUZIK2.0\STM32F103C8TX_FLASH.ld" --specs=nosys.specs -Wl,-Map="GRUZIK2.0.map" -Wl,--gc-sections -static --specs=nano.specs -mfloat-abi=soft -mthumb -u _printf_float -Wl,--start-group -lc -lm -Wl,--end-group
Finished building target: GRUZIK2.0.elf
 
arm-none-eabi-size   GRUZIK2.0.elf 
arm-none-eabi-objdump -h -S  GRUZIK2.0.elf  > "GRUZIK2.0.list"
   text	   data	    bss	    dec	    hex	filename
  40936	    536	   2216	  43688	   aaa8	GRUZIK2.0.elf
Finished building: default.size.stdout
 
Finished building: GRUZIK2.0.list
 
23:28:52 **** Incremental Build of configuration Debug for project GRUZIK2.0 ****
make -j4 all 
arm-none-eabi-size   GRUZIK2.0.elf 
   text	   data	    bss	    dec	    hex	filename
  40936	    536	   2216	  43688	   aaa8	GRUZIK2.0.elf
Finished building: default.size.stdout
 
17:12:51 **** Incremental Build of configuration Debug for project GRUZIK2.0 ****
make -j4 all 
arm-none-eabi-gcc "../Core/Src/main.c" -mcpu=cortex-m3 -std=gnu11 -g3 -DDEBUG -DUSE_HAL_DRIVER -DSTM32F103xB -c -I../Core/Inc -I../Drivers/STM32F1xx_HAL_Driver/Inc/Legacy -I../Drivers/STM32F1xx_HAL_Driver/Inc -I../Drivers/CMSIS/Device/ST/STM32F1xx/Include -I../Drivers/CMSIS/Include -O0 -ffunction-sections -fdata-sections -Wall -fstack-usage -MMD -MP -MF"Core/Src/main.d" -MT"Core/Src/main.o" --specs=nano.specs -mfloat-abi=soft -mthumb -o "Core/Src/main.o"
arm-none-eabi-gcc -o "GRUZIK2.0.elf" @"objects.list"   -mcpu=cortex-m3 -T"D:\SN-USER\Projects\Gruzik2.0-light\Software\LF_GRUZIK2.0_Code\GRUZIK2.0\STM32F103C8TX_FLASH.ld" --specs=nosys.specs -Wl,-Map="GRUZIK2.0.map" -Wl,--gc-sections -static --specs=nano.specs -mfloat-abi=soft -mthumb -u _printf_float -Wl,--start-group -lc -lm -Wl,--end-group
Finished building target: GRUZIK2.0.elf
 
arm-none-eabi-size   GRUZIK2.0.elf 
arm-none-eabi-objdump -h -S  GRUZIK2.0.elf  > "GRUZIK2.0.list"
   text	   data	    bss	    dec	    hex	filename
  40936	    536	   2216	  43688	   aaa8	GRUZIK2.0.elf
Finished building: default.size.stdout
 
Finished building: GRUZIK2.0.list
 
17:14:26 **** Incremental Build of configuration Debug for project GRUZIK2.0 ****
make -j4 all 
arm-none-eabi-gcc "../Core/Src/main.c" -mcpu=cortex-m3 -std=gnu11 -g3 -DDEBUG -DUSE_HAL_DRIVER -DSTM32F103xB -c -I../Core/Inc -I../Drivers/STM32F1xx_HAL_Driver/Inc/Legacy -I../Drivers/STM32F1xx_HAL_Driver/Inc -I../Drivers/CMSIS/Device/ST/STM32F1xx/Include -I../Drivers/CMSIS/Include -O0 -ffunction-sections -fdata-sections -Wall -fstack-usage -MMD -MP -MF"Core/Src/main.d" -MT"Core/Src/main.o" --specs=nano.specs -mfloat-abi=soft -mthumb -o "Core/Src/main.o"
arm-none-eabi-gcc -o "GRUZIK2.0.elf" @"objects.list"   -mcpu=cortex-m3 -T"D:\SN-USER\Projects\Gruzik2.0-light\Software\LF_GRUZIK2.0_Code\GRUZIK2.0\STM32F103C8TX_FLASH.ld" --specs=nosys.specs -Wl,-Map="GRUZIK2.0.map" -Wl,--gc-sections -static --specs=nano.specs -mfloat-abi=soft -mthumb -u _printf_float -Wl,--start-group -lc -lm -Wl,--end-group
Finished building target: GRUZIK2.0.elf
 
arm-none-eabi-size   GRUZIK2.0.elf 
arm-none-eabi-objdump -h -S  GRUZIK2.0.elf  > "GRUZIK2.0.list"
   text	   data	    bss	    dec	    hex	filename
  40936	    536	   2216	  43688	   aaa8	GRUZIK2.0.elf
Finished building: default.size.stdout
 
Finished building: GRUZIK2.0.list
 
17:14:32 **** Incremental Build of configuration Debug for project GRUZIK2.0 ****
make -j4 all 
arm-none-eabi-gcc "../Core/Src/main.c" -mcpu=cortex-m3 -std=gnu11 -g3 -DDEBUG -DUSE_HAL_DRIVER -DSTM32F103xB -c -I../Core/Inc -I../Drivers/STM32F1xx_HAL_Driver/Inc/Legacy -I../Drivers/STM32F1xx_HAL_Driver/Inc -I../Drivers/CMSIS/Device/ST/STM32F1xx/Include -I../Drivers/CMSIS/Include -O0 -ffunction-sections -fdata-sections -Wall -fstack-usage -MMD -MP -MF"Core/Src/main.d" -MT"Core/Src/main.o" --specs=nano.specs -mfloat-abi=soft -mthumb -o "Core/Src/main.o"
arm-none-eabi-gcc -o "GRUZIK2.0.elf" @"objects.list"   -mcpu=cortex-m3 -T"D:\SN-USER\Projects\Gruzik2.0-light\Software\LF_GRUZIK2.0_Code\GRUZIK2.0\STM32F103C8TX_FLASH.ld" --specs=nosys.specs -Wl,-Map="GRUZIK2.0.map" -Wl,--gc-sections -static --specs=nano.specs -mfloat-abi=soft -mthumb -u _printf_float -Wl,--start-group -lc -lm -Wl,--end-group
Finished building target: GRUZIK2.0.elf
 
arm-none-eabi-size   GRUZIK2.0.elf 
arm-none-eabi-objdump -h -S  GRUZIK2.0.elf  > "GRUZIK2.0.list"
   text	   data	    bss	    dec	    hex	filename
  40936	    536	   2216	  43688	   aaa8	GRUZIK2.0.elf
Finished building: default.size.stdout
 
Finished building: GRUZIK2.0.list
 
17:15:08 **** Incremental Build of configuration Debug for project GRUZIK2.0 ****
make -j4 all 
arm-none-eabi-size   GRUZIK2.0.elf 
   text	   data	    bss	    dec	    hex	filename
  40936	    536	   2216	  43688	   aaa8	GRUZIK2.0.elf
Finished building: default.size.stdout
 
17:19:49 **** Incremental Build of configuration Debug for project GRUZIK2.0 ****
make -j4 all 
arm-none-eabi-gcc "../Core/Src/main.c" -mcpu=cortex-m3 -std=gnu11 -g3 -DDEBUG -DUSE_HAL_DRIVER -DSTM32F103xB -c -I../Core/Inc -I../Drivers/STM32F1xx_HAL_Driver/Inc/Legacy -I../Drivers/STM32F1xx_HAL_Driver/Inc -I../Drivers/CMSIS/Device/ST/STM32F1xx/Include -I../Drivers/CMSIS/Include -O0 -ffunction-sections -fdata-sections -Wall -fstack-usage -MMD -MP -MF"Core/Src/main.d" -MT"Core/Src/main.o" --specs=nano.specs -mfloat-abi=soft -mthumb -o "Core/Src/main.o"
arm-none-eabi-gcc -o "GRUZIK2.0.elf" @"objects.list"   -mcpu=cortex-m3 -T"D:\SN-USER\Projects\Gruzik2.0-light\Software\LF_GRUZIK2.0_Code\GRUZIK2.0\STM32F103C8TX_FLASH.ld" --specs=nosys.specs -Wl,-Map="GRUZIK2.0.map" -Wl,--gc-sections -static --specs=nano.specs -mfloat-abi=soft -mthumb -u _printf_float -Wl,--start-group -lc -lm -Wl,--end-group
Finished building target: GRUZIK2.0.elf
 
arm-none-eabi-size   GRUZIK2.0.elf 
arm-none-eabi-objdump -h -S  GRUZIK2.0.elf  > "GRUZIK2.0.list"
   text	   data	    bss	    dec	    hex	filename
  40936	    536	   2216	  43688	   aaa8	GRUZIK2.0.elf
Finished building: default.size.stdout
 
Finished building: GRUZIK2.0.list
 
17:32:15 **** Build of configuration Debug for project GRUZIK2.0 ****
make -j4 all 
arm-none-eabi-size   GRUZIK2.0.elf 
   text	   data	    bss	    dec	    hex	filename
  40936	    536	   2216	  43688	   aaa8	GRUZIK2.0.elf
Finished building: default.size.stdout
 
17:34:13 **** Incremental Build of configuration Debug for project GRUZIK2.0 ****
make -j4 all 
arm-none-eabi-gcc "../Core/Src/main.c" -mcpu=cortex-m3 -std=gnu11 -g3 -DDEBUG -DUSE_HAL_DRIVER -DSTM32F103xB -c -I../Core/Inc -I../Drivers/STM32F1xx_HAL_Driver/Inc/Legacy -I../Drivers/STM32F1xx_HAL_Driver/Inc -I../Drivers/CMSIS/Device/ST/STM32F1xx/Include -I../Drivers/CMSIS/Include -O0 -ffunction-sections -fdata-sections -Wall -fstack-usage -MMD -MP -MF"Core/Src/main.d" -MT"Core/Src/main.o" --specs=nano.specs -mfloat-abi=soft -mthumb -o "Core/Src/main.o"
arm-none-eabi-gcc -o "GRUZIK2.0.elf" @"objects.list"   -mcpu=cortex-m3 -T"D:\SN-USER\Projects\Gruzik2.0-light\Software\LF_GRUZIK2.0_Code\GRUZIK2.0\STM32F103C8TX_FLASH.ld" --specs=nosys.specs -Wl,-Map="GRUZIK2.0.map" -Wl,--gc-sections -static --specs=nano.specs -mfloat-abi=soft -mthumb -u _printf_float -Wl,--start-group -lc -lm -Wl,--end-group
Finished building target: GRUZIK2.0.elf
 
arm-none-eabi-size   GRUZIK2.0.elf 
arm-none-eabi-objdump -h -S  GRUZIK2.0.elf  > "GRUZIK2.0.list"
   text	   data	    bss	    dec	    hex	filename
  40968	    536	   2224	  43728	   aad0	GRUZIK2.0.elf
Finished building: default.size.stdout
 
Finished building: GRUZIK2.0.list
 
17:36:08 **** Incremental Build of configuration Debug for project GRUZIK2.0 ****
make -j4 all 
arm-none-eabi-size   GRUZIK2.0.elf 
   text	   data	    bss	    dec	    hex	filename
  40968	    536	   2224	  43728	   aad0	GRUZIK2.0.elf
Finished building: default.size.stdout
 
17:40:53 **** Incremental Build of configuration Debug for project GRUZIK2.0 ****
make -j4 all 
arm-none-eabi-gcc "../Core/Src/main.c" -mcpu=cortex-m3 -std=gnu11 -g3 -DDEBUG -DUSE_HAL_DRIVER -DSTM32F103xB -c -I../Core/Inc -I../Drivers/STM32F1xx_HAL_Driver/Inc/Legacy -I../Drivers/STM32F1xx_HAL_Driver/Inc -I../Drivers/CMSIS/Device/ST/STM32F1xx/Include -I../Drivers/CMSIS/Include -O0 -ffunction-sections -fdata-sections -Wall -fstack-usage -MMD -MP -MF"Core/Src/main.d" -MT"Core/Src/main.o" --specs=nano.specs -mfloat-abi=soft -mthumb -o "Core/Src/main.o"
arm-none-eabi-gcc -o "GRUZIK2.0.elf" @"objects.list"   -mcpu=cortex-m3 -T"D:\SN-USER\Projects\Gruzik2.0-light\Software\LF_GRUZIK2.0_Code\GRUZIK2.0\STM32F103C8TX_FLASH.ld" --specs=nosys.specs -Wl,-Map="GRUZIK2.0.map" -Wl,--gc-sections -static --specs=nano.specs -mfloat-abi=soft -mthumb -u _printf_float -Wl,--start-group -lc -lm -Wl,--end-group
Finished building target: GRUZIK2.0.elf
 
arm-none-eabi-size   GRUZIK2.0.elf 
arm-none-eabi-objdump -h -S  GRUZIK2.0.elf  > "GRUZIK2.0.list"
   text	   data	    bss	    dec	    hex	filename
  40968	    536	   2224	  43728	   aad0	GRUZIK2.0.elf
Finished building: default.size.stdout
 
Finished building: GRUZIK2.0.list
 
17:41:20 **** Incremental Build of configuration Debug for project GRUZIK2.0 ****
make -j4 all 
arm-none-eabi-size   GRUZIK2.0.elf 
   text	   data	    bss	    dec	    hex	filename
  40968	    536	   2224	  43728	   aad0	GRUZIK2.0.elf
Finished building: default.size.stdout
 
17:43:25 **** Incremental Build of configuration Debug for project GRUZIK2.0 ****
make -j4 all 
arm-none-eabi-gcc "../Core/Src/main.c" -mcpu=cortex-m3 -std=gnu11 -g3 -DDEBUG -DUSE_HAL_DRIVER -DSTM32F103xB -c -I../Core/Inc -I../Drivers/STM32F1xx_HAL_Driver/Inc/Legacy -I../Drivers/STM32F1xx_HAL_Driver/Inc -I../Drivers/CMSIS/Device/ST/STM32F1xx/Include -I../Drivers/CMSIS/Include -O0 -ffunction-sections -fdata-sections -Wall -fstack-usage -MMD -MP -MF"Core/Src/main.d" -MT"Core/Src/main.o" --specs=nano.specs -mfloat-abi=soft -mthumb -o "Core/Src/main.o"
arm-none-eabi-gcc -o "GRUZIK2.0.elf" @"objects.list"   -mcpu=cortex-m3 -T"D:\SN-USER\Projects\Gruzik2.0-light\Software\LF_GRUZIK2.0_Code\GRUZIK2.0\STM32F103C8TX_FLASH.ld" --specs=nosys.specs -Wl,-Map="GRUZIK2.0.map" -Wl,--gc-sections -static --specs=nano.specs -mfloat-abi=soft -mthumb -u _printf_float -Wl,--start-group -lc -lm -Wl,--end-group
Finished building target: GRUZIK2.0.elf
 
arm-none-eabi-size   GRUZIK2.0.elf 
arm-none-eabi-objdump -h -S  GRUZIK2.0.elf  > "GRUZIK2.0.list"
   text	   data	    bss	    dec	    hex	filename
  40968	    536	   2224	  43728	   aad0	GRUZIK2.0.elf
Finished building: default.size.stdout
 
Finished building: GRUZIK2.0.list
 
17:43:59 **** Incremental Build of configuration Debug for project GRUZIK2.0 ****
make -j4 all 
arm-none-eabi-size   GRUZIK2.0.elf 
   text	   data	    bss	    dec	    hex	filename
  40968	    536	   2224	  43728	   aad0	GRUZIK2.0.elf
Finished building: default.size.stdout
 
18:01:47 **** Incremental Build of configuration Debug for project GRUZIK2.0 ****
make -j4 all 
arm-none-eabi-gcc "../Core/Src/main.c" -mcpu=cortex-m3 -std=gnu11 -g3 -DDEBUG -DUSE_HAL_DRIVER -DSTM32F103xB -c -I../Core/Inc -I../Drivers/STM32F1xx_HAL_Driver/Inc/Legacy -I../Drivers/STM32F1xx_HAL_Driver/Inc -I../Drivers/CMSIS/Device/ST/STM32F1xx/Include -I../Drivers/CMSIS/Include -O0 -ffunction-sections -fdata-sections -Wall -fstack-usage -MMD -MP -MF"Core/Src/main.d" -MT"Core/Src/main.o" --specs=nano.specs -mfloat-abi=soft -mthumb -o "Core/Src/main.o"
../Core/Src/main.c:98:6: error: variably modified 'Bend_Time' at file scope
   98 |  int Bend_Time[Sharp_bends_count];
      |      ^~~~~~~~~
make: *** [Core/Src/subdir.mk:51: Core/Src/main.o] Error 1
"make -j4 all" terminated with exit code 2. Build might be incomplete.
18:07:02 **** Incremental Build of configuration Debug for project GRUZIK2.0 ****
make -j4 all 
arm-none-eabi-gcc "../Core/Src/main.c" -mcpu=cortex-m3 -std=gnu11 -g3 -DDEBUG -DUSE_HAL_DRIVER -DSTM32F103xB -c -I../Core/Inc -I../Drivers/STM32F1xx_HAL_Driver/Inc/Legacy -I../Drivers/STM32F1xx_HAL_Driver/Inc -I../Drivers/CMSIS/Device/ST/STM32F1xx/Include -I../Drivers/CMSIS/Include -O0 -ffunction-sections -fdata-sections -Wall -fstack-usage -MMD -MP -MF"Core/Src/main.d" -MT"Core/Src/main.o" --specs=nano.specs -mfloat-abi=soft -mthumb -o "Core/Src/main.o"
arm-none-eabi-gcc -o "GRUZIK2.0.elf" @"objects.list"   -mcpu=cortex-m3 -T"D:\SN-USER\Projects\Gruzik2.0-light\Software\LF_GRUZIK2.0_Code\GRUZIK2.0\STM32F103C8TX_FLASH.ld" --specs=nosys.specs -Wl,-Map="GRUZIK2.0.map" -Wl,--gc-sections -static --specs=nano.specs -mfloat-abi=soft -mthumb -u _printf_float -Wl,--start-group -lc -lm -Wl,--end-group
Finished building target: GRUZIK2.0.elf
 
arm-none-eabi-size   GRUZIK2.0.elf 
arm-none-eabi-objdump -h -S  GRUZIK2.0.elf  > "GRUZIK2.0.list"
   text	   data	    bss	    dec	    hex	filename
  41096	    536	   2312	  43944	   aba8	GRUZIK2.0.elf
Finished building: default.size.stdout
 
Finished building: GRUZIK2.0.list
 
18:25:15 **** Incremental Build of configuration Debug for project GRUZIK2.0 ****
make -j4 all 
arm-none-eabi-gcc "../Core/Src/main.c" -mcpu=cortex-m3 -std=gnu11 -g3 -DDEBUG -DUSE_HAL_DRIVER -DSTM32F103xB -c -I../Core/Inc -I../Drivers/STM32F1xx_HAL_Driver/Inc/Legacy -I../Drivers/STM32F1xx_HAL_Driver/Inc -I../Drivers/CMSIS/Device/ST/STM32F1xx/Include -I../Drivers/CMSIS/Include -O0 -ffunction-sections -fdata-sections -Wall -fstack-usage -MMD -MP -MF"Core/Src/main.d" -MT"Core/Src/main.o" --specs=nano.specs -mfloat-abi=soft -mthumb -o "Core/Src/main.o"
arm-none-eabi-gcc "../Core/Src/tim.c" -mcpu=cortex-m3 -std=gnu11 -g3 -DDEBUG -DUSE_HAL_DRIVER -DSTM32F103xB -c -I../Core/Inc -I../Drivers/STM32F1xx_HAL_Driver/Inc/Legacy -I../Drivers/STM32F1xx_HAL_Driver/Inc -I../Drivers/CMSIS/Device/ST/STM32F1xx/Include -I../Drivers/CMSIS/Include -O0 -ffunction-sections -fdata-sections -Wall -fstack-usage -MMD -MP -MF"Core/Src/tim.d" -MT"Core/Src/tim.o" --specs=nano.specs -mfloat-abi=soft -mthumb -o "Core/Src/tim.o"
arm-none-eabi-gcc -o "GRUZIK2.0.elf" @"objects.list"   -mcpu=cortex-m3 -T"D:\SN-USER\Projects\Gruzik2.0-light\Software\LF_GRUZIK2.0_Code\GRUZIK2.0\STM32F103C8TX_FLASH.ld" --specs=nosys.specs -Wl,-Map="GRUZIK2.0.map" -Wl,--gc-sections -static --specs=nano.specs -mfloat-abi=soft -mthumb -u _printf_float -Wl,--start-group -lc -lm -Wl,--end-group
Finished building target: GRUZIK2.0.elf
 
arm-none-eabi-size   GRUZIK2.0.elf 
arm-none-eabi-objdump -h -S  GRUZIK2.0.elf  > "GRUZIK2.0.list"
   text	   data	    bss	    dec	    hex	filename
  41120	    536	   2312	  43968	   abc0	GRUZIK2.0.elf
Finished building: default.size.stdout
 
Finished building: GRUZIK2.0.list
 
18:25:56 **** Incremental Build of configuration Debug for project GRUZIK2.0 ****
make -j4 all 
arm-none-eabi-size   GRUZIK2.0.elf 
   text	   data	    bss	    dec	    hex	filename
  41120	    536	   2312	  43968	   abc0	GRUZIK2.0.elf
Finished building: default.size.stdout
 
18:32:56 **** Incremental Build of configuration Debug for project GRUZIK2.0 ****
make -j4 all 
arm-none-eabi-gcc "../Core/Src/main.c" -mcpu=cortex-m3 -std=gnu11 -g3 -DDEBUG -DUSE_HAL_DRIVER -DSTM32F103xB -c -I../Core/Inc -I../Drivers/STM32F1xx_HAL_Driver/Inc/Legacy -I../Drivers/STM32F1xx_HAL_Driver/Inc -I../Drivers/CMSIS/Device/ST/STM32F1xx/Include -I../Drivers/CMSIS/Include -O0 -ffunction-sections -fdata-sections -Wall -fstack-usage -MMD -MP -MF"Core/Src/main.d" -MT"Core/Src/main.o" --specs=nano.specs -mfloat-abi=soft -mthumb -o "Core/Src/main.o"
arm-none-eabi-gcc -o "GRUZIK2.0.elf" @"objects.list"   -mcpu=cortex-m3 -T"D:\SN-USER\Projects\Gruzik2.0-light\Software\LF_GRUZIK2.0_Code\GRUZIK2.0\STM32F103C8TX_FLASH.ld" --specs=nosys.specs -Wl,-Map="GRUZIK2.0.map" -Wl,--gc-sections -static --specs=nano.specs -mfloat-abi=soft -mthumb -u _printf_float -Wl,--start-group -lc -lm -Wl,--end-group
Finished building target: GRUZIK2.0.elf
 
arm-none-eabi-size   GRUZIK2.0.elf 
arm-none-eabi-objdump -h -S  GRUZIK2.0.elf  > "GRUZIK2.0.list"
   text	   data	    bss	    dec	    hex	filename
  41120	    536	   2312	  43968	   abc0	GRUZIK2.0.elf
Finished building: default.size.stdout
 
Finished building: GRUZIK2.0.list
 
18:34:06 **** Incremental Build of configuration Debug for project GRUZIK2.0 ****
make -j4 all 
arm-none-eabi-size   GRUZIK2.0.elf 
   text	   data	    bss	    dec	    hex	filename
  41120	    536	   2312	  43968	   abc0	GRUZIK2.0.elf
Finished building: default.size.stdout
 
20:22:25 **** Incremental Build of configuration Debug for project GRUZIK2.0 ****
make -j4 all 
arm-none-eabi-gcc "../Core/Src/main.c" -mcpu=cortex-m3 -std=gnu11 -g3 -DDEBUG -DUSE_HAL_DRIVER -DSTM32F103xB -c -I../Core/Inc -I../Drivers/STM32F1xx_HAL_Driver/Inc/Legacy -I../Drivers/STM32F1xx_HAL_Driver/Inc -I../Drivers/CMSIS/Device/ST/STM32F1xx/Include -I../Drivers/CMSIS/Include -O0 -ffunction-sections -fdata-sections -Wall -fstack-usage -MMD -MP -MF"Core/Src/main.d" -MT"Core/Src/main.o" --specs=nano.specs -mfloat-abi=soft -mthumb -o "Core/Src/main.o"
arm-none-eabi-gcc -o "GRUZIK2.0.elf" @"objects.list"   -mcpu=cortex-m3 -T"D:\SN-USER\Projects\Gruzik2.0-light\Software\LF_GRUZIK2.0_Code\GRUZIK2.0\STM32F103C8TX_FLASH.ld" --specs=nosys.specs -Wl,-Map="GRUZIK2.0.map" -Wl,--gc-sections -static --specs=nano.specs -mfloat-abi=soft -mthumb -u _printf_float -Wl,--start-group -lc -lm -Wl,--end-group
Finished building target: GRUZIK2.0.elf
 
arm-none-eabi-size   GRUZIK2.0.elf 
arm-none-eabi-objdump -h -S  GRUZIK2.0.elf  > "GRUZIK2.0.list"
   text	   data	    bss	    dec	    hex	filename
  41120	    536	   2312	  43968	   abc0	GRUZIK2.0.elf
Finished building: default.size.stdout
 
Finished building: GRUZIK2.0.list
 
21:01:50 **** Incremental Build of configuration Debug for project GRUZIK2.0 ****
make -j4 all 
arm-none-eabi-gcc "D:/SN-USER/HAL-SN-Functions/SN-functions.c" -mcpu=cortex-m3 -std=gnu11 -g3 -DDEBUG -DUSE_HAL_DRIVER -DSTM32F103xB -c -I../Core/Inc -I../Drivers/STM32F1xx_HAL_Driver/Inc/Legacy -I../Drivers/STM32F1xx_HAL_Driver/Inc -I../Drivers/CMSIS/Device/ST/STM32F1xx/Include -I../Drivers/CMSIS/Include -O0 -ffunction-sections -fdata-sections -Wall -fstack-usage -MMD -MP -MF"Core/Src/SN-functions.d" -MT"Core/Src/SN-functions.o" --specs=nano.specs -mfloat-abi=soft -mthumb -o "Core/Src/SN-functions.o"
arm-none-eabi-gcc "../Core/Src/adc.c" -mcpu=cortex-m3 -std=gnu11 -g3 -DDEBUG -DUSE_HAL_DRIVER -DSTM32F103xB -c -I../Core/Inc -I../Drivers/STM32F1xx_HAL_Driver/Inc/Legacy -I../Drivers/STM32F1xx_HAL_Driver/Inc -I../Drivers/CMSIS/Device/ST/STM32F1xx/Include -I../Drivers/CMSIS/Include -O0 -ffunction-sections -fdata-sections -Wall -fstack-usage -MMD -MP -MF"Core/Src/adc.d" -MT"Core/Src/adc.o" --specs=nano.specs -mfloat-abi=soft -mthumb -o "Core/Src/adc.o"
arm-none-eabi-gcc "../Core/Src/gpio.c" -mcpu=cortex-m3 -std=gnu11 -g3 -DDEBUG -DUSE_HAL_DRIVER -DSTM32F103xB -c -I../Core/Inc -I../Drivers/STM32F1xx_HAL_Driver/Inc/Legacy -I../Drivers/STM32F1xx_HAL_Driver/Inc -I../Drivers/CMSIS/Device/ST/STM32F1xx/Include -I../Drivers/CMSIS/Include -O0 -ffunction-sections -fdata-sections -Wall -fstack-usage -MMD -MP -MF"Core/Src/gpio.d" -MT"Core/Src/gpio.o" --specs=nano.specs -mfloat-abi=soft -mthumb -o "Core/Src/gpio.o"
arm-none-eabi-gcc "../Core/Src/main.c" -mcpu=cortex-m3 -std=gnu11 -g3 -DDEBUG -DUSE_HAL_DRIVER -DSTM32F103xB -c -I../Core/Inc -I../Drivers/STM32F1xx_HAL_Driver/Inc/Legacy -I../Drivers/STM32F1xx_HAL_Driver/Inc -I../Drivers/CMSIS/Device/ST/STM32F1xx/Include -I../Drivers/CMSIS/Include -O0 -ffunction-sections -fdata-sections -Wall -fstack-usage -MMD -MP -MF"Core/Src/main.d" -MT"Core/Src/main.o" --specs=nano.specs -mfloat-abi=soft -mthumb -o "Core/Src/main.o"
D:/SN-USER/HAL-SN-Functions/SN-functions.c:18:10: fatal error: stm32f4xx_hal.h: No such file or directory
   18 | #include "stm32f4xx_hal.h"
      |          ^~~~~~~~~~~~~~~~~
compilation terminated.
make: *** [Core/Src/subdir.mk:49: Core/Src/SN-functions.o] Error 1
make: *** Waiting for unfinished jobs....
In file included from ../Core/Src/main.c:28:
D:\SN-USER\HAL-SN-Functions\SN-functions.h:16:10: fatal error: stm32f4xx_hal.h: No such file or directory
   16 | #include "stm32f4xx_hal.h"
      |          ^~~~~~~~~~~~~~~~~
compilation terminated.
make: *** [Core/Src/subdir.mk:51: Core/Src/main.o] Error 1
"make -j4 all" terminated with exit code 2. Build might be incomplete.
21:03:09 **** Incremental Build of configuration Debug for project GRUZIK2.0 ****
make -j4 all 
[...]
In file included from ../Core/Src/main.c:33:
../Core/Inc/RingBuffer.h:32:47: note: expected 'uint8_t' {aka 'unsigned char'} but argument is of type 'uint8_t *' {aka 'unsigned char *'}
   32 | RB_Status RB_Write(RingBuffer_t *Buf, uint8_t value);
      |                                       ~~~~~~~~^~~~~
../Core/Src/main.c:573:7: warning: cast to pointer from integer of different size [-Wint-to-pointer-cast]
  573 |    if((uint8_t*)RxData == ENDLINE)
      |       ^
../Core/Src/main.c:573:24: warning: comparison between pointer and integer
  573 |    if((uint8_t*)RxData == ENDLINE)
      |                        ^~
../Core/Src/main.c:578:34: warning: cast to pointer from integer of different size [-Wint-to-pointer-cast]
  578 |      HAL_UART_Receive_IT(&huart1,(uint8_t*)RxData, 1);
      |                                  ^
../Core/Src/main.c: In function 'HAL_TIM_PeriodElapsedCallback':
../Core/Src/main.c:593:17: error: subscripted value is neither array nor pointer nor vector
  593 |           RxData[i] = 0;
      |                 ^
../Core/Src/main.c:594:16: error: subscripted value is neither array nor pointer nor vector
  594 |          RxData[0] = Mode_Change(mode_1);
      |                ^
../Core/Src/main.c:609:14: error: subscripted value is neither array nor pointer nor vector
  609 |        RxData[i] = 0;
      |              ^
../Core/Src/main.c:610:13: error: subscripted value is neither array nor pointer nor vector
  610 |       RxData[0] = Mode_Change(mode_2);
      |             ^
make: *** [Core/Src/subdir.mk:58: Core/Src/main.o] Error 1
"make -j4 all" terminated with exit code 2. Build might be incomplete.
15:30:18 **** Incremental Build of configuration Debug for project GRUZIK2.0 ****
make -j4 all 
arm-none-eabi-gcc "../Core/Src/main.c" -mcpu=cortex-m3 -std=gnu11 -g3 -DDEBUG -DUSE_HAL_DRIVER -DSTM32F103xB -c -I../Core/Inc -I../Drivers/STM32F1xx_HAL_Driver/Inc/Legacy -I../Drivers/STM32F1xx_HAL_Driver/Inc -I../Drivers/CMSIS/Device/ST/STM32F1xx/Include -I../Drivers/CMSIS/Include -O0 -ffunction-sections -fdata-sections -Wall -fstack-usage -MMD -MP -MF"Core/Src/main.d" -MT"Core/Src/main.o" --specs=nano.specs -mfloat-abi=soft -mthumb -o "Core/Src/main.o"
../Core/Src/main.c: In function 'main':
../Core/Src/main.c:482:33: warning: cast to pointer from integer of different size [-Wint-to-pointer-cast]
  482 |    HAL_UART_Receive_IT(&huart1, (uint8_t*)RxData, 1);
      |                                 ^
../Core/Src/main.c:511:37: warning: passing argument 2 of 'Parser_TakeLine' from incompatible pointer type [-Wincompatible-pointer-types]
  511 |     Parser_TakeLine(&ReceiveBuffer, &ReceivedData);
      |                                     ^~~~~~~~~~~~~
      |                                     |
      |                                     uint8_t (*)[32] {aka unsigned char (*)[32]}
In file included from ../Core/Src/main.c:34:
../Core/Inc/SimpleParser.h:19:50: note: expected 'uint8_t *' {aka 'unsigned char *'} but argument is of type 'uint8_t (*)[32]' {aka 'unsigned char (*)[32]'}
   19 | void Parser_TakeLine(RingBuffer_t *Buf, uint8_t *ReceivedData);
      |                                         ~~~~~~~~~^~~~~~~~~~~~
../Core/Src/main.c: In function 'HAL_UART_RxCpltCallback':
../Core/Src/main.c:578:34: warning: cast to pointer from integer of different size [-Wint-to-pointer-cast]
  578 |      HAL_UART_Receive_IT(&huart1,(uint8_t*)RxData, 1);
      |                                  ^
arm-none-eabi-gcc -o "GRUZIK2.0.elf" @"objects.list"   -mcpu=cortex-m3 -T"D:\SN-USER\Projects\Gruzik2.0-light\Software\LF_GRUZIK2.0_Code\GRUZIK2.0\STM32F103C8TX_FLASH.ld" --specs=nosys.specs -Wl,-Map="GRUZIK2.0.map" -Wl,--gc-sections -static --specs=nano.specs -mfloat-abi=soft -mthumb -u _printf_float -Wl,--start-group -lc -lm -Wl,--end-group
Finished building target: GRUZIK2.0.elf
 
arm-none-eabi-size   GRUZIK2.0.elf 
arm-none-eabi-objdump -h -S  GRUZIK2.0.elf  > "GRUZIK2.0.list"
   text	   data	    bss	    dec	    hex	filename
  44268	    500	   2308	  47076	   b7e4	GRUZIK2.0.elf
Finished building: default.size.stdout
 
Finished building: GRUZIK2.0.list
 
15:30:39 **** Incremental Build of configuration Debug for project GRUZIK2.0 ****
make -j4 all 
arm-none-eabi-gcc "../Core/Src/main.c" -mcpu=cortex-m3 -std=gnu11 -g3 -DDEBUG -DUSE_HAL_DRIVER -DSTM32F103xB -c -I../Core/Inc -I../Drivers/STM32F1xx_HAL_Driver/Inc/Legacy -I../Drivers/STM32F1xx_HAL_Driver/Inc -I../Drivers/CMSIS/Device/ST/STM32F1xx/Include -I../Drivers/CMSIS/Include -O0 -ffunction-sections -fdata-sections -Wall -fstack-usage -MMD -MP -MF"Core/Src/main.d" -MT"Core/Src/main.o" --specs=nano.specs -mfloat-abi=soft -mthumb -o "Core/Src/main.o"
../Core/Src/main.c: In function 'main':
../Core/Src/main.c:482:33: warning: cast to pointer from integer of different size [-Wint-to-pointer-cast]
  482 |    HAL_UART_Receive_IT(&huart1, (uint8_t*)RxData, 1);
      |                                 ^
../Core/Src/main.c:511:37: warning: passing argument 2 of 'Parser_TakeLine' from incompatible pointer type [-Wincompatible-pointer-types]
  511 |     Parser_TakeLine(&ReceiveBuffer, &ReceivedData);
      |                                     ^~~~~~~~~~~~~
      |                                     |
      |                                     uint8_t (*)[32] {aka unsigned char (*)[32]}
In file included from ../Core/Src/main.c:34:
../Core/Inc/SimpleParser.h:19:50: note: expected 'uint8_t *' {aka 'unsigned char *'} but argument is of type 'uint8_t (*)[32]' {aka 'unsigned char (*)[32]'}
   19 | void Parser_TakeLine(RingBuffer_t *Buf, uint8_t *ReceivedData);
      |                                         ~~~~~~~~~^~~~~~~~~~~~
arm-none-eabi-gcc -o "GRUZIK2.0.elf" @"objects.list"   -mcpu=cortex-m3 -T"D:\SN-USER\Projects\Gruzik2.0-light\Software\LF_GRUZIK2.0_Code\GRUZIK2.0\STM32F103C8TX_FLASH.ld" --specs=nosys.specs -Wl,-Map="GRUZIK2.0.map" -Wl,--gc-sections -static --specs=nano.specs -mfloat-abi=soft -mthumb -u _printf_float -Wl,--start-group -lc -lm -Wl,--end-group
Finished building target: GRUZIK2.0.elf
 
arm-none-eabi-size   GRUZIK2.0.elf 
arm-none-eabi-objdump -h -S  GRUZIK2.0.elf  > "GRUZIK2.0.list"
   text	   data	    bss	    dec	    hex	filename
  44268	    500	   2308	  47076	   b7e4	GRUZIK2.0.elf
Finished building: default.size.stdout
 
Finished building: GRUZIK2.0.list
 
15:30:51 **** Incremental Build of configuration Debug for project GRUZIK2.0 ****
make -j4 all 
arm-none-eabi-gcc "../Core/Src/main.c" -mcpu=cortex-m3 -std=gnu11 -g3 -DDEBUG -DUSE_HAL_DRIVER -DSTM32F103xB -c -I../Core/Inc -I../Drivers/STM32F1xx_HAL_Driver/Inc/Legacy -I../Drivers/STM32F1xx_HAL_Driver/Inc -I../Drivers/CMSIS/Device/ST/STM32F1xx/Include -I../Drivers/CMSIS/Include -O0 -ffunction-sections -fdata-sections -Wall -fstack-usage -MMD -MP -MF"Core/Src/main.d" -MT"Core/Src/main.o" --specs=nano.specs -mfloat-abi=soft -mthumb -o "Core/Src/main.o"
../Core/Src/main.c: In function 'main':
../Core/Src/main.c:511:37: warning: passing argument 2 of 'Parser_TakeLine' from incompatible pointer type [-Wincompatible-pointer-types]
  511 |     Parser_TakeLine(&ReceiveBuffer, &ReceivedData);
      |                                     ^~~~~~~~~~~~~
      |                                     |
      |                                     uint8_t (*)[32] {aka unsigned char (*)[32]}
In file included from ../Core/Src/main.c:34:
../Core/Inc/SimpleParser.h:19:50: note: expected 'uint8_t *' {aka 'unsigned char *'} but argument is of type 'uint8_t (*)[32]' {aka 'unsigned char (*)[32]'}
   19 | void Parser_TakeLine(RingBuffer_t *Buf, uint8_t *ReceivedData);
      |                                         ~~~~~~~~~^~~~~~~~~~~~
arm-none-eabi-gcc -o "GRUZIK2.0.elf" @"objects.list"   -mcpu=cortex-m3 -T"D:\SN-USER\Projects\Gruzik2.0-light\Software\LF_GRUZIK2.0_Code\GRUZIK2.0\STM32F103C8TX_FLASH.ld" --specs=nosys.specs -Wl,-Map="GRUZIK2.0.map" -Wl,--gc-sections -static --specs=nano.specs -mfloat-abi=soft -mthumb -u _printf_float -Wl,--start-group -lc -lm -Wl,--end-group
Finished building target: GRUZIK2.0.elf
 
arm-none-eabi-size   GRUZIK2.0.elf 
arm-none-eabi-objdump -h -S  GRUZIK2.0.elf  > "GRUZIK2.0.list"
   text	   data	    bss	    dec	    hex	filename
  44260	    500	   2308	  47068	   b7dc	GRUZIK2.0.elf
Finished building: default.size.stdout
 
Finished building: GRUZIK2.0.list
 
15:31:17 **** Incremental Build of configuration Debug for project GRUZIK2.0 ****
make -j4 all 
arm-none-eabi-size   GRUZIK2.0.elf 
   text	   data	    bss	    dec	    hex	filename
  44260	    500	   2308	  47068	   b7dc	GRUZIK2.0.elf
Finished building: default.size.stdout
 
15:31:37 **** Incremental Build of configuration Debug for project GRUZIK2.0 ****
make -j4 all 
arm-none-eabi-size   GRUZIK2.0.elf 
   text	   data	    bss	    dec	    hex	filename
  44260	    500	   2308	  47068	   b7dc	GRUZIK2.0.elf
Finished building: default.size.stdout
 
17:14:15 **** Incremental Build of configuration Debug for project GRUZIK2.0 ****
make -j4 all 
arm-none-eabi-gcc "../Core/Src/SimpleParser.c" -mcpu=cortex-m3 -std=gnu11 -g3 -DDEBUG -DUSE_HAL_DRIVER -DSTM32F103xB -c -I../Core/Inc -I../Drivers/STM32F1xx_HAL_Driver/Inc/Legacy -I../Drivers/STM32F1xx_HAL_Driver/Inc -I../Drivers/CMSIS/Device/ST/STM32F1xx/Include -I../Drivers/CMSIS/Include -O0 -ffunction-sections -fdata-sections -Wall -fstack-usage -MMD -MP -MF"Core/Src/SimpleParser.d" -MT"Core/Src/SimpleParser.o" --specs=nano.specs -mfloat-abi=soft -mthumb -o "Core/Src/SimpleParser.o"
arm-none-eabi-gcc -o "GRUZIK2.0.elf" @"objects.list"   -mcpu=cortex-m3 -T"D:\SN-USER\Projects\Gruzik2.0-light\Software\LF_GRUZIK2.0_Code\GRUZIK2.0\STM32F103C8TX_FLASH.ld" --specs=nosys.specs -Wl,-Map="GRUZIK2.0.map" -Wl,--gc-sections -static --specs=nano.specs -mfloat-abi=soft -mthumb -u _printf_float -Wl,--start-group -lc -lm -Wl,--end-group
Finished building target: GRUZIK2.0.elf
 
arm-none-eabi-size   GRUZIK2.0.elf 
arm-none-eabi-objdump -h -S  GRUZIK2.0.elf  > "GRUZIK2.0.list"
   text	   data	    bss	    dec	    hex	filename
  44260	    500	   2308	  47068	   b7dc	GRUZIK2.0.elf
Finished building: default.size.stdout
 
Finished building: GRUZIK2.0.list
 
17:17:11 **** Incremental Build of configuration Debug for project GRUZIK2.0 ****
make -j4 all 
arm-none-eabi-size   GRUZIK2.0.elf 
   text	   data	    bss	    dec	    hex	filename
  44260	    500	   2308	  47068	   b7dc	GRUZIK2.0.elf
Finished building: default.size.stdout
 
19:14:35 **** Incremental Build of configuration Debug for project GRUZIK2.0 ****
make -j4 all 
arm-none-eabi-size   GRUZIK2.0.elf 
   text	   data	    bss	    dec	    hex	filename
  44260	    500	   2308	  47068	   b7dc	GRUZIK2.0.elf
Finished building: default.size.stdout
 
16:20:28 **** Incremental Build of configuration Debug for project GRUZIK2.0 ****
make -j4 all 
arm-none-eabi-gcc "../Core/Src/SimpleParser.c" -mcpu=cortex-m3 -std=gnu11 -g3 -DDEBUG -DUSE_HAL_DRIVER -DSTM32F103xB -c -I../Core/Inc -I../Drivers/STM32F1xx_HAL_Driver/Inc/Legacy -I../Drivers/STM32F1xx_HAL_Driver/Inc -I../Drivers/CMSIS/Device/ST/STM32F1xx/Include -I../Drivers/CMSIS/Include -O0 -ffunction-sections -fdata-sections -Wall -fstack-usage -MMD -MP -MF"Core/Src/SimpleParser.d" -MT"Core/Src/SimpleParser.o" --specs=nano.specs -mfloat-abi=soft -mthumb -o "Core/Src/SimpleParser.o"
../Core/Src/SimpleParser.c: In function 'App_Controll':
../Core/Src/SimpleParser.c:155:17: error: subscripted value is neither array nor pointer nor vector
  155 |        if(RxData[0] == 'a')
      |                 ^
../Core/Src/SimpleParser.c:157:10: error: 'ARR' undeclared (first use in this function)
  157 |          ARR=3;
      |          ^~~
../Core/Src/SimpleParser.c:157:10: note: each undeclared identifier is reported only once for each function it appears in
../Core/Src/SimpleParser.c:158:11: error: 'Base_speed_R' undeclared (first use in this function); did you mean 'Base_speed_change'?
  158 |           Base_speed_R = 150;
      |           ^~~~~~~~~~~~
      |           Base_speed_change
../Core/Src/SimpleParser.c:159:11: error: 'Base_speed_L' undeclared (first use in this function); did you mean 'Base_speed_change'?
  159 |           Base_speed_L = 150;
      |           ^~~~~~~~~~~~
      |           Base_speed_change
../Core/Src/SimpleParser.c:160:11: error: 'Max_speed_L' undeclared (first use in this function); did you mean 'Max_speed_change'?
  160 |           Max_speed_L = 130;
      |           ^~~~~~~~~~~
      |           Max_speed_change
../Core/Src/SimpleParser.c:161:11: error: 'Max_speed_R' undeclared (first use in this function); did you mean 'Max_speed_change'?
  161 |           Max_speed_R = 130;
      |           ^~~~~~~~~~~
      |           Max_speed_change
../Core/Src/SimpleParser.c:162:11: error: 'Sharp_bend_speed_right' undeclared (first use in this function); did you mean 'Sharp_bend_speed_right_change'?
  162 |           Sharp_bend_speed_right=-115;
      |           ^~~~~~~~~~~~~~~~~~~~~~
      |           Sharp_bend_speed_right_change
../Core/Src/SimpleParser.c:163:11: error: 'Sharp_bend_speed_left' undeclared (first use in this function); did you mean 'Sharp_bend_speed_left_change'?
  163 |           Sharp_bend_speed_left=120;
      |           ^~~~~~~~~~~~~~~~~~~~~
      |           Sharp_bend_speed_left_change
../Core/Src/SimpleParser.c:164:11: error: 'Bend_speed_right' undeclared (first use in this function); did you mean 'Bend_speed_right_change'?
  164 |           Bend_speed_right=-76;
      |           ^~~~~~~~~~~~~~~~
      |           Bend_speed_right_change
../Core/Src/SimpleParser.c:165:11: error: 'Bend_speed_left' undeclared (first use in this function); did you mean 'Bend_speed_left_change'?
  165 |           Bend_speed_left=125;
      |           ^~~~~~~~~~~~~~~
      |           Bend_speed_left_change
../Core/Src/SimpleParser.c:166:11: error: 'Kp' undeclared (first use in this function)
  166 |           Kp = 0.02;//0.02 //0.009
      |           ^~
../Core/Src/SimpleParser.c:167:11: error: 'Kd' undeclared (first use in this function)
  167 |           Kd = 165;
      |           ^~
../Core/Src/SimpleParser.c:170:17: error: subscripted value is neither array nor pointer nor vector
  170 |        if(RxData[0] == 'd')
      |                 ^
../Core/Src/SimpleParser.c:185:17: error: subscripted value is neither array nor pointer nor vector
  185 |        if(RxData[0] == 'b')
      |                 ^
../Core/Src/SimpleParser.c:200:17: error: subscripted value is neither array nor pointer nor vector
  200 |        if(RxData[0] == 'e')
      |                 ^
../Core/Src/SimpleParser.c:215:17: error: subscripted value is neither array nor pointer nor vector
  215 |        if(RxData[0] == 'c')
      |                 ^
../Core/Src/SimpleParser.c:230:17: error: subscripted value is neither array nor pointer nor vector
  230 |        if(RxData[0] == 'f')
      |                 ^
../Core/Src/SimpleParser.c:245:17: error: subscripted value is neither array nor pointer nor vector
  245 |        if(RxData[0] == 'i')
      |                 ^
../Core/Src/SimpleParser.c:260:17: error: subscripted value is neither array nor pointer nor vector
  260 |        if(RxData[0] == 'j')
      |                 ^
../Core/Src/SimpleParser.c:275:17: error: subscripted value is neither array nor pointer nor vector
  275 |        if(RxData[0] == 'k')
      |                 ^
../Core/Src/SimpleParser.c:290:18: error: subscripted value is neither array nor pointer nor vector
  290 |         if(RxData[0] == 'l')
      |                  ^
../Core/Src/SimpleParser.c:305:19: error: subscripted value is neither array nor pointer nor vector
  305 |          if(RxData[0] == 'm')
      |                   ^
make: *** [Core/Src/subdir.mk:58: Core/Src/SimpleParser.o] Error 1
"make -j4 all" terminated with exit code 2. Build might be incomplete.
16:31:09 **** Incremental Build of configuration Debug for project GRUZIK2.0 ****
make -j4 all 
arm-none-eabi-gcc "../Core/Src/SimpleParser.c" -mcpu=cortex-m3 -std=gnu11 -g3 -DDEBUG -DUSE_HAL_DRIVER -DSTM32F103xB -c -I../Core/Inc -I../Drivers/STM32F1xx_HAL_Driver/Inc/Legacy -I../Drivers/STM32F1xx_HAL_Driver/Inc -I../Drivers/CMSIS/Device/ST/STM32F1xx/Include -I../Drivers/CMSIS/Include -O0 -ffunction-sections -fdata-sections -Wall -fstack-usage -MMD -MP -MF"Core/Src/SimpleParser.d" -MT"Core/Src/SimpleParser.o" --specs=nano.specs -mfloat-abi=soft -mthumb -o "Core/Src/SimpleParser.o"
../Core/Src/SimpleParser.c: In function 'App_Controll':
../Core/Src/SimpleParser.c:197:11: error: subscripted value is neither array nor pointer nor vector
  197 |  if(RxData[0] == 'e')
      |           ^
../Core/Src/SimpleParser.c:199:15: error: 'LineFollower_t' has no member named 'ARR'
  199 |   LineFollower->ARR=3;
      |               ^~
../Core/Src/SimpleParser.c:212:11: error: subscripted value is neither array nor pointer nor vector
  212 |  if(RxData[0] == 'c')
      |           ^
../Core/Src/SimpleParser.c:214:15: error: 'LineFollower_t' has no member named 'ARR'
  214 |   LineFollower->ARR=3;
      |               ^~
../Core/Src/SimpleParser.c:231:15: error: 'LineFollower_t' has no member named 'LineFollower'
  231 |   LineFollower->LineFollower->Max_speed_L = 160;
      |               ^~
make: *** [Core/Src/subdir.mk:58: Core/Src/SimpleParser.o] Error 1
"make -j4 all" terminated with exit code 2. Build might be incomplete.
16:31:30 **** Incremental Build of configuration Debug for project GRUZIK2.0 ****
make -j4 all 
arm-none-eabi-gcc "../Core/Src/SimpleParser.c" -mcpu=cortex-m3 -std=gnu11 -g3 -DDEBUG -DUSE_HAL_DRIVER -DSTM32F103xB -c -I../Core/Inc -I../Drivers/STM32F1xx_HAL_Driver/Inc/Legacy -I../Drivers/STM32F1xx_HAL_Driver/Inc -I../Drivers/CMSIS/Device/ST/STM32F1xx/Include -I../Drivers/CMSIS/Include -O0 -ffunction-sections -fdata-sections -Wall -fstack-usage -MMD -MP -MF"Core/Src/SimpleParser.d" -MT"Core/Src/SimpleParser.o" --specs=nano.specs -mfloat-abi=soft -mthumb -o "Core/Src/SimpleParser.o"
../Core/Src/SimpleParser.c: In function 'App_Controll':
../Core/Src/SimpleParser.c:197:11: error: subscripted value is neither array nor pointer nor vector
  197 |  if(RxData[0] == 'e')
      |           ^
../Core/Src/SimpleParser.c:211:11: error: subscripted value is neither array nor pointer nor vector
  211 |  if(RxData[0] == 'c')
      |           ^
make: *** [Core/Src/subdir.mk:58: Core/Src/SimpleParser.o] Error 1
"make -j4 all" terminated with exit code 2. Build might be incomplete.
16:31:42 **** Incremental Build of configuration Debug for project GRUZIK2.0 ****
make -j4 all 
arm-none-eabi-gcc "../Core/Src/SimpleParser.c" -mcpu=cortex-m3 -std=gnu11 -g3 -DDEBUG -DUSE_HAL_DRIVER -DSTM32F103xB -c -I../Core/Inc -I../Drivers/STM32F1xx_HAL_Driver/Inc/Legacy -I../Drivers/STM32F1xx_HAL_Driver/Inc -I../Drivers/CMSIS/Device/ST/STM32F1xx/Include -I../Drivers/CMSIS/Include -O0 -ffunction-sections -fdata-sections -Wall -fstack-usage -MMD -MP -MF"Core/Src/SimpleParser.d" -MT"Core/Src/SimpleParser.o" --specs=nano.specs -mfloat-abi=soft -mthumb -o "Core/Src/SimpleParser.o"
arm-none-eabi-gcc -o "GRUZIK2.0.elf" @"objects.list"   -mcpu=cortex-m3 -T"D:\SN-USER\Projects\Gruzik2.0-light\Software\LF_GRUZIK2.0_Code\GRUZIK2.0\STM32F103C8TX_FLASH.ld" --specs=nosys.specs -Wl,-Map="GRUZIK2.0.map" -Wl,--gc-sections -static --specs=nano.specs -mfloat-abi=soft -mthumb -u _printf_float -Wl,--start-group -lc -lm -Wl,--end-group
Finished building target: GRUZIK2.0.elf
 
arm-none-eabi-size   GRUZIK2.0.elf 
arm-none-eabi-objdump -h -S  GRUZIK2.0.elf  > "GRUZIK2.0.list"
   text	   data	    bss	    dec	    hex	filename
  45100	    500	   2308	  47908	   bb24	GRUZIK2.0.elf
Finished building: default.size.stdout
 
Finished building: GRUZIK2.0.list
 
16:53:15 **** Incremental Build of configuration Debug for project GRUZIK2.0 ****
make -j4 all 
arm-none-eabi-size   GRUZIK2.0.elf 
   text	   data	    bss	    dec	    hex	filename
  45100	    500	   2308	  47908	   bb24	GRUZIK2.0.elf
Finished building: default.size.stdout
 
