18:58:48 **** Incremental Build of configuration Debug for project GRUZIK2.0 ****
make -j4 all 
arm-none-eabi-gcc "../Core/Src/main.c" -mcpu=cortex-m3 -std=gnu11 -g3 -DDEBUG -DUSE_HAL_DRIVER -DSTM32F103xB -c -I../Core/Inc -I../Drivers/STM32F1xx_HAL_Driver/Inc/Legacy -I../Drivers/STM32F1xx_HAL_Driver/Inc -I../Drivers/CMSIS/Device/ST/STM32F1xx/Include -I../Drivers/CMSIS/Include -O0 -ffunction-sections -fdata-sections -Wall -fstack-usage -MMD -MP -MF"Core/Src/main.d" -MT"Core/Src/main.o" --specs=nano.specs -mfloat-abi=soft -mthumb -o "Core/Src/main.o"
arm-none-eabi-gcc -o "GRUZIK2.0.elf" @"objects.list"   -mcpu=cortex-m3 -T"D:\SN-USER\Projects\Gruzik2.0-light\Software\LF_GRUZIK2.0_Code\GRUZIK2.0\STM32F103C8TX_FLASH.ld" --specs=nosys.specs -Wl,-Map="GRUZIK2.0.map" -Wl,--gc-sections -static --specs=nano.specs -mfloat-abi=soft -mthumb -u _printf_float -Wl,--start-group -lc -lm -Wl,--end-group
Finished building target: GRUZIK2.0.elf
 
arm-none-eabi-size   GRUZIK2.0.elf 
arm-none-eabi-objdump -h -S  GRUZIK2.0.elf  > "GRUZIK2.0.list"
   text	   data	    bss	    dec	    hex	filename
  41112	    536	   2312	  43960	   abb8	GRUZIK2.0.elf
Finished building: default.size.stdout
 
Finished building: GRUZIK2.0.list
 

18:58:50 Build Finished. 0 errors, 0 warnings. (took 1s.498ms)

