../Core/Src/main.c:108:6:Mode_Change	24	static
../Core/Src/main.c:155:6:Battery_ADC_measurement	8	static
../Core/Src/main.c:183:6:delay_us	16	static
../Core/Src/main.c:189:6:Set_Pin_Output	32	static
../Core/Src/main.c:198:6:Set_Pin_Input	32	static
../Core/Src/main.c:208:6:motor_control	40	static
../Core/Src/main.c:237:6:sharp_turn	16	static
../Core/Src/main.c:254:5:QTR8_read	16	static
../Core/Src/main.c:351:6:forward_brake	24	static
../Core/Src/main.c:359:6:past_errors	24	static
../Core/Src/main.c:366:5:errors_sum	24	static
../Core/Src/main.c:379:6:PID_control	40	static
../Core/Src/main.c:410:5:main	8	static
../Core/Src/main.c:478:6:SystemClock_Config	88	static
../Core/Src/main.c:521:6:HAL_UART_RxCpltCallback	56	static
../Core/Src/main.c:817:6:HAL_TIM_PeriodElapsedCallback	24	static
../Core/Src/main.c:851:6:Error_Handler	4	static,ignoring_inline_asm
