../Core/Src/main.c:94:6:Battery_ADC_measurement	8	static
../Core/Src/main.c:122:6:delay_us	16	static
../Core/Src/main.c:128:6:Set_Pin_Output	32	static
../Core/Src/main.c:137:6:Set_Pin_Input	32	static
../Core/Src/main.c:147:6:motor_control	40	static
../Core/Src/main.c:176:6:sharp_turn	16	static
../Core/Src/main.c:193:5:QTR8_read	16	static
../Core/Src/main.c:290:6:forward_brake	24	static
../Core/Src/main.c:298:6:past_errors	24	static
../Core/Src/main.c:305:5:errors_sum	24	static
../Core/Src/main.c:318:6:PID_control	40	static
../Core/Src/main.c:349:5:main	8	static
../Core/Src/main.c:415:6:SystemClock_Config	88	static
../Core/Src/main.c:458:6:HAL_UART_RxCpltCallback	40	static
../Core/Src/main.c:643:6:Error_Handler	4	static,ignoring_inline_asm
